interactions:
- request:
    body: '{"location": "eastus2euap"}'
    headers:
      Accept:
      - application/json
      Accept-Encoding:
      - gzip, deflate
      CommandName:
      - netappfiles account create
      Connection:
      - keep-alive
      Content-Length:
      - '27'
      Content-Type:
      - application/json; charset=utf-8
      ParameterSetName:
      - -g -a -l
      User-Agent:
      - python/3.8.7 (macOS-11.0.1-x86_64-i386-64bit) msrest/0.6.18 msrest_azure/0.6.3
        azure-mgmt-netapp/0.16.0 Azure-SDK-For-Python AZURECLI/2.18.0
      accept-language:
      - en-US
    method: PUT
    uri: https://management.azure.com/subscriptions/00000000-0000-0000-0000-000000000000/resourceGroups/cli_netappfiles_test_backup_policy_000001/providers/Microsoft.NetApp/netAppAccounts/cli-acc-000002?api-version=2020-11-01
  response:
    body:
      string: '{"id":"/subscriptions/00000000-0000-0000-0000-000000000000/resourceGroups/cli_netappfiles_test_backup_policy_000001/providers/Microsoft.NetApp/netAppAccounts/cli-acc-000002","name":"cli-acc-000002","type":"Microsoft.NetApp/netAppAccounts","etag":"W/\"datetime''2021-01-26T14%3A00%3A59.5875187Z''\"","location":"eastus2euap","properties":{"provisioningState":"Creating"}}'
    headers:
      access-control-expose-headers:
      - Request-Context
      azure-asyncoperation:
      - https://management.azure.com/subscriptions/00000000-0000-0000-0000-000000000000/providers/Microsoft.NetApp/locations/eastus2euap/operationResults/d20e0a45-4a32-4ad9-9138-1fcd4b0039b5?api-version=2020-11-01
      cache-control:
      - no-cache
      content-length:
      - '422'
      content-type:
      - application/json; charset=utf-8
      date:
      - Tue, 26 Jan 2021 14:01:00 GMT
      etag:
      - W/"datetime'2021-01-26T14%3A00%3A59.5875187Z'"
      expires:
      - '-1'
      pragma:
      - no-cache
      request-context:
      - appId=cid-v1:2c4cb680-0a1f-424d-bb8d-8e650ba68d53
      server:
      - Microsoft-IIS/10.0
      strict-transport-security:
      - max-age=31536000; includeSubDomains
      x-content-type-options:
      - nosniff
      x-ms-ratelimit-remaining-subscription-writes:
      - '1199'
      x-powered-by:
      - ASP.NET
    status:
      code: 201
      message: Created
- request:
    body: null
    headers:
      Accept:
      - application/json
      Accept-Encoding:
      - gzip, deflate
      CommandName:
      - netappfiles account create
      Connection:
      - keep-alive
      ParameterSetName:
      - -g -a -l
      User-Agent:
      - python/3.8.7 (macOS-11.0.1-x86_64-i386-64bit) msrest/0.6.18 msrest_azure/0.6.3
        azure-mgmt-netapp/0.16.0 Azure-SDK-For-Python AZURECLI/2.18.0
    method: GET
    uri: https://management.azure.com/subscriptions/00000000-0000-0000-0000-000000000000/providers/Microsoft.NetApp/locations/eastus2euap/operationResults/d20e0a45-4a32-4ad9-9138-1fcd4b0039b5?api-version=2020-11-01
  response:
    body:
      string: '{"id":"/subscriptions/00000000-0000-0000-0000-000000000000/providers/Microsoft.NetApp/locations/eastus2euap/operationResults/d20e0a45-4a32-4ad9-9138-1fcd4b0039b5","name":"d20e0a45-4a32-4ad9-9138-1fcd4b0039b5","status":"Succeeded","startTime":"2021-01-26T14:00:59.5350646Z","endTime":"2021-01-26T14:00:59.6758148Z","percentComplete":100.0,"properties":{"resourceName":"/subscriptions/00000000-0000-0000-0000-000000000000/resourceGroups/cli_netappfiles_test_backup_policy_000001/providers/Microsoft.NetApp/netAppAccounts/cli-acc-000002"}}'
    headers:
      access-control-expose-headers:
      - Request-Context
      cache-control:
      - no-cache
      content-length:
      - '580'
      content-type:
      - application/json; charset=utf-8
      date:
      - Tue, 26 Jan 2021 14:01:31 GMT
      expires:
      - '-1'
      pragma:
      - no-cache
      request-context:
      - appId=cid-v1:2c4cb680-0a1f-424d-bb8d-8e650ba68d53
      server:
      - Microsoft-IIS/10.0
      strict-transport-security:
      - max-age=31536000; includeSubDomains
      transfer-encoding:
      - chunked
      vary:
      - Accept-Encoding
      x-content-type-options:
      - nosniff
      x-powered-by:
      - ASP.NET
    status:
      code: 200
      message: OK
- request:
    body: null
    headers:
      Accept:
      - application/json
      Accept-Encoding:
      - gzip, deflate
      CommandName:
      - netappfiles account create
      Connection:
      - keep-alive
      ParameterSetName:
      - -g -a -l
      User-Agent:
      - python/3.8.7 (macOS-11.0.1-x86_64-i386-64bit) msrest/0.6.18 msrest_azure/0.6.3
        azure-mgmt-netapp/0.16.0 Azure-SDK-For-Python AZURECLI/2.18.0
    method: GET
    uri: https://management.azure.com/subscriptions/00000000-0000-0000-0000-000000000000/resourceGroups/cli_netappfiles_test_backup_policy_000001/providers/Microsoft.NetApp/netAppAccounts/cli-acc-000002?api-version=2020-11-01
  response:
    body:
      string: '{"id":"/subscriptions/00000000-0000-0000-0000-000000000000/resourceGroups/cli_netappfiles_test_backup_policy_000001/providers/Microsoft.NetApp/netAppAccounts/cli-acc-000002","name":"cli-acc-000002","type":"Microsoft.NetApp/netAppAccounts","etag":"W/\"datetime''2021-01-26T14%3A00%3A59.6685794Z''\"","location":"eastus2euap","properties":{"provisioningState":"Succeeded","encryption":{"keySource":"Microsoft.NetApp"}}}'
    headers:
      access-control-expose-headers:
      - Request-Context
      cache-control:
      - no-cache
      content-length:
      - '469'
      content-type:
      - application/json; charset=utf-8
      date:
      - Tue, 26 Jan 2021 14:01:32 GMT
      etag:
      - W/"datetime'2021-01-26T14%3A00%3A59.6685794Z'"
      expires:
      - '-1'
      pragma:
      - no-cache
      request-context:
      - appId=cid-v1:2c4cb680-0a1f-424d-bb8d-8e650ba68d53
      server:
      - Microsoft-IIS/10.0
      strict-transport-security:
      - max-age=31536000; includeSubDomains
      transfer-encoding:
      - chunked
      vary:
      - Accept-Encoding
      x-content-type-options:
      - nosniff
      x-powered-by:
      - ASP.NET
    status:
      code: 200
      message: OK
- request:
    body: '{"location": "eastus2euap", "tags": {"Tag1": "Value1"}, "properties": {"dailyBackupsToKeep":
      1, "weeklyBackupsToKeep": 2, "monthlyBackupsToKeep": 3, "yearlyBackupsToKeep":
      0, "enabled": true}}'
    headers:
      Accept:
      - application/json
      Accept-Encoding:
      - gzip, deflate
      CommandName:
      - netappfiles account backup-policy create
      Connection:
      - keep-alive
      Content-Length:
      - '192'
      Content-Type:
      - application/json; charset=utf-8
      ParameterSetName:
      - -g -a --backup-policy-name -l -d -w -m -e --tags
      User-Agent:
      - python/3.8.7 (macOS-11.0.1-x86_64-i386-64bit) msrest/0.6.18 msrest_azure/0.6.3
        azure-mgmt-netapp/0.16.0 Azure-SDK-For-Python AZURECLI/2.18.0
      accept-language:
      - en-US
    method: PUT
    uri: https://management.azure.com/subscriptions/00000000-0000-0000-0000-000000000000/resourceGroups/cli_netappfiles_test_backup_policy_000001/providers/Microsoft.NetApp/netAppAccounts/cli-acc-000002/backupPolicies/cli-sn-pol-000003?api-version=2020-11-01
  response:
    body:
      string: '{"id":"/subscriptions/00000000-0000-0000-0000-000000000000/resourceGroups/cli_netappfiles_test_backup_policy_000001/providers/Microsoft.NetApp/netAppAccounts/cli-acc-000002/backupPolicies/cli-sn-pol-000003","name":"cli-acc-000002/cli-sn-pol-000003","type":"Microsoft.NetApp/netAppAccounts/backupPolicies","etag":"W/\"datetime''2021-01-26T14%3A01%3A39.6124075Z''\"","location":"eastus2euap","tags":{"Tag1":"Value1"},"properties":{"enabled":true,"dailyBackupsToKeep":1,"weeklyBackupsToKeep":2,"monthlyBackupsToKeep":3,"yearlyBackupsToKeep":0,"provisioningState":"Creating"}}'
    headers:
      access-control-expose-headers:
      - Request-Context
      azure-asyncoperation:
      - https://management.azure.com/subscriptions/00000000-0000-0000-0000-000000000000/providers/Microsoft.NetApp/locations/eastus2euap/operationResults/13f46013-9ab2-4c1b-91f5-a209385253d1?api-version=2020-11-01
      cache-control:
      - no-cache
      content-length:
      - '622'
      content-type:
      - application/json; charset=utf-8
      date:
      - Tue, 26 Jan 2021 14:01:40 GMT
      etag:
      - W/"datetime'2021-01-26T14%3A01%3A39.6124075Z'"
      expires:
      - '-1'
      pragma:
      - no-cache
      request-context:
      - appId=cid-v1:2c4cb680-0a1f-424d-bb8d-8e650ba68d53
      server:
      - Microsoft-IIS/10.0
      strict-transport-security:
      - max-age=31536000; includeSubDomains
      x-content-type-options:
      - nosniff
      x-ms-ratelimit-remaining-subscription-writes:
      - '1199'
      x-powered-by:
      - ASP.NET
    status:
      code: 201
      message: Created
- request:
    body: null
    headers:
      Accept:
      - application/json
      Accept-Encoding:
      - gzip, deflate
      CommandName:
      - netappfiles account backup-policy create
      Connection:
      - keep-alive
      ParameterSetName:
      - -g -a --backup-policy-name -l -d -w -m -e --tags
      User-Agent:
      - python/3.8.7 (macOS-11.0.1-x86_64-i386-64bit) msrest/0.6.18 msrest_azure/0.6.3
        azure-mgmt-netapp/0.16.0 Azure-SDK-For-Python AZURECLI/2.18.0
    method: GET
    uri: https://management.azure.com/subscriptions/00000000-0000-0000-0000-000000000000/providers/Microsoft.NetApp/locations/eastus2euap/operationResults/13f46013-9ab2-4c1b-91f5-a209385253d1?api-version=2020-11-01
  response:
    body:
      string: '{"id":"/subscriptions/00000000-0000-0000-0000-000000000000/providers/Microsoft.NetApp/locations/eastus2euap/operationResults/13f46013-9ab2-4c1b-91f5-a209385253d1","name":"13f46013-9ab2-4c1b-91f5-a209385253d1","status":"Succeeded","startTime":"2021-01-26T14:01:39.5604441Z","endTime":"2021-01-26T14:01:39.7387981Z","percentComplete":100.0,"properties":{"resourceName":"/subscriptions/00000000-0000-0000-0000-000000000000/resourceGroups/cli_netappfiles_test_backup_policy_000001/providers/Microsoft.NetApp/netAppAccounts/cli-acc-000002/backupPolicies/cli-sn-pol-000003"}}'
    headers:
      access-control-expose-headers:
      - Request-Context
      cache-control:
      - no-cache
      content-length:
      - '612'
      content-type:
      - application/json; charset=utf-8
      date:
      - Tue, 26 Jan 2021 14:02:11 GMT
      expires:
      - '-1'
      pragma:
      - no-cache
      request-context:
      - appId=cid-v1:2c4cb680-0a1f-424d-bb8d-8e650ba68d53
      server:
      - Microsoft-IIS/10.0
      strict-transport-security:
      - max-age=31536000; includeSubDomains
      transfer-encoding:
      - chunked
      vary:
      - Accept-Encoding
      x-content-type-options:
      - nosniff
      x-powered-by:
      - ASP.NET
    status:
      code: 200
      message: OK
- request:
    body: null
    headers:
      Accept:
      - application/json
      Accept-Encoding:
      - gzip, deflate
      CommandName:
      - netappfiles account backup-policy create
      Connection:
      - keep-alive
      ParameterSetName:
      - -g -a --backup-policy-name -l -d -w -m -e --tags
      User-Agent:
      - python/3.8.7 (macOS-11.0.1-x86_64-i386-64bit) msrest/0.6.18 msrest_azure/0.6.3
        azure-mgmt-netapp/0.16.0 Azure-SDK-For-Python AZURECLI/2.18.0
    method: GET
    uri: https://management.azure.com/subscriptions/00000000-0000-0000-0000-000000000000/resourceGroups/cli_netappfiles_test_backup_policy_000001/providers/Microsoft.NetApp/netAppAccounts/cli-acc-000002/backupPolicies/cli-sn-pol-000003?api-version=2020-11-01
  response:
    body:
      string: '{"id":"/subscriptions/00000000-0000-0000-0000-000000000000/resourceGroups/cli_netappfiles_test_backup_policy_000001/providers/Microsoft.NetApp/netAppAccounts/cli-acc-000002/backupPolicies/cli-sn-pol-000003","name":"cli-acc-000002/cli-sn-pol-000003","type":"Microsoft.NetApp/netAppAccounts/backupPolicies","etag":"W/\"datetime''2021-01-26T14%3A01%3A39.7284936Z''\"","location":"eastus2euap","tags":{"Tag1":"Value1"},"properties":{"enabled":true,"backupPolicyId":"02f118ce-5fdf-11eb-9739-6a90ce4d6644","dailyBackupsToKeep":1,"weeklyBackupsToKeep":2,"monthlyBackupsToKeep":3,"yearlyBackupsToKeep":0,"provisioningState":"Succeeded"}}'
    headers:
      access-control-expose-headers:
      - Request-Context
      cache-control:
      - no-cache
      content-length:
      - '679'
      content-type:
      - application/json; charset=utf-8
      date:
      - Tue, 26 Jan 2021 14:02:12 GMT
      etag:
      - W/"datetime'2021-01-26T14%3A01%3A39.7284936Z'"
      expires:
      - '-1'
      pragma:
      - no-cache
      request-context:
      - appId=cid-v1:2c4cb680-0a1f-424d-bb8d-8e650ba68d53
      server:
      - Microsoft-IIS/10.0
      strict-transport-security:
      - max-age=31536000; includeSubDomains
      transfer-encoding:
      - chunked
      vary:
      - Accept-Encoding
      x-content-type-options:
      - nosniff
      x-powered-by:
      - ASP.NET
    status:
      code: 200
      message: OK
- request:
    body: '{"location": "eastus2euap", "tags": {"Tag1": "Value2"}, "properties": {"dailyBackupsToKeep":
      4, "weeklyBackupsToKeep": 5, "monthlyBackupsToKeep": 6, "yearlyBackupsToKeep":
      0, "enabled": false}}'
    headers:
      Accept:
      - application/json
      Accept-Encoding:
      - gzip, deflate
      CommandName:
      - netappfiles account backup-policy update
      Connection:
      - keep-alive
      Content-Length:
      - '193'
      Content-Type:
      - application/json; charset=utf-8
      ParameterSetName:
      - -g -a --backup-policy-name -l -d -w -m -e --tags
      User-Agent:
      - python/3.8.7 (macOS-11.0.1-x86_64-i386-64bit) msrest/0.6.18 msrest_azure/0.6.3
        azure-mgmt-netapp/0.16.0 Azure-SDK-For-Python AZURECLI/2.18.0
      accept-language:
      - en-US
    method: PATCH
    uri: https://management.azure.com/subscriptions/00000000-0000-0000-0000-000000000000/resourceGroups/cli_netappfiles_test_backup_policy_000001/providers/Microsoft.NetApp/netAppAccounts/cli-acc-000002/backupPolicies/cli-sn-pol-000003?api-version=2020-11-01
  response:
    body:
      string: '{"id":"/subscriptions/00000000-0000-0000-0000-000000000000/resourceGroups/cli_netappfiles_test_backup_policy_000001/providers/Microsoft.NetApp/netAppAccounts/cli-acc-000002/backupPolicies/cli-sn-pol-000003","name":"cli-acc-000002/cli-sn-pol-000003","type":"Microsoft.NetApp/netAppAccounts/backupPolicies","etag":"W/\"datetime''2021-01-26T14%3A02%3A16.4379093Z''\"","location":"eastus2euap","tags":{"Tag1":"Value1"},"properties":{"provisioningState":"Patching","enabled":true,"backupPolicyId":"02f118ce-5fdf-11eb-9739-6a90ce4d6644","dailyBackupsToKeep":1,"weeklyBackupsToKeep":2,"monthlyBackupsToKeep":3,"yearlyBackupsToKeep":0}}'
    headers:
      access-control-expose-headers:
      - Request-Context
      azure-asyncoperation:
      - https://management.azure.com/subscriptions/00000000-0000-0000-0000-000000000000/providers/Microsoft.NetApp/locations/eastus2euap/operationResults/099055ef-cffe-446d-bb62-7756f119815d?api-version=2020-11-01
      cache-control:
      - no-cache
      content-length:
      - '678'
      content-type:
      - application/json; charset=utf-8
      date:
      - Tue, 26 Jan 2021 14:02:16 GMT
      etag:
      - W/"datetime'2021-01-26T14%3A02%3A16.4379093Z'"
      expires:
      - '-1'
      location:
      - https://management.azure.com/subscriptions/00000000-0000-0000-0000-000000000000/providers/Microsoft.NetApp/locations/eastus2euap/operationResults/099055ef-cffe-446d-bb62-7756f119815d?api-version=2020-11-01&operationResultResponseType=Location
      pragma:
      - no-cache
      request-context:
      - appId=cid-v1:2c4cb680-0a1f-424d-bb8d-8e650ba68d53
      server:
      - Microsoft-IIS/10.0
      strict-transport-security:
      - max-age=31536000; includeSubDomains
      x-content-type-options:
      - nosniff
      x-ms-ratelimit-remaining-subscription-writes:
      - '1199'
      x-powered-by:
      - ASP.NET
    status:
      code: 202
      message: Accepted
- request:
    body: null
    headers:
      Accept:
      - application/json
      Accept-Encoding:
      - gzip, deflate
      CommandName:
      - netappfiles account backup-policy show
      Connection:
      - keep-alive
      ParameterSetName:
      - -g -a --backup-policy-name
      User-Agent:
      - python/3.8.7 (macOS-11.0.1-x86_64-i386-64bit) msrest/0.6.18 msrest_azure/0.6.3
        azure-mgmt-netapp/0.16.0 Azure-SDK-For-Python AZURECLI/2.18.0
      accept-language:
      - en-US
    method: GET
    uri: https://management.azure.com/subscriptions/00000000-0000-0000-0000-000000000000/resourceGroups/cli_netappfiles_test_backup_policy_000001/providers/Microsoft.NetApp/netAppAccounts/cli-acc-000002/backupPolicies/cli-sn-pol-000003?api-version=2020-11-01
  response:
    body:
      string: '{"id":"/subscriptions/00000000-0000-0000-0000-000000000000/resourceGroups/cli_netappfiles_test_backup_policy_000001/providers/Microsoft.NetApp/netAppAccounts/cli-acc-000002/backupPolicies/cli-sn-pol-000003","name":"cli-acc-000002/cli-sn-pol-000003","type":"Microsoft.NetApp/netAppAccounts/backupPolicies","etag":"W/\"datetime''2021-01-26T14%3A02%3A16.9993289Z''\"","location":"eastus2euap","tags":{"Tag1":"Value2"},"properties":{"provisioningState":"Succeeded","enabled":false,"backupPolicyId":"02f118ce-5fdf-11eb-9739-6a90ce4d6644","dailyBackupsToKeep":4,"weeklyBackupsToKeep":5,"monthlyBackupsToKeep":6,"yearlyBackupsToKeep":0}}'
    headers:
      access-control-expose-headers:
      - Request-Context
      cache-control:
      - no-cache
      content-length:
      - '680'
      content-type:
      - application/json; charset=utf-8
      date:
      - Tue, 26 Jan 2021 14:02:17 GMT
      etag:
      - W/"datetime'2021-01-26T14%3A02%3A16.9993289Z'"
      expires:
      - '-1'
      pragma:
      - no-cache
      request-context:
      - appId=cid-v1:2c4cb680-0a1f-424d-bb8d-8e650ba68d53
      server:
      - Microsoft-IIS/10.0
      strict-transport-security:
      - max-age=31536000; includeSubDomains
      transfer-encoding:
      - chunked
      vary:
      - Accept-Encoding
      x-content-type-options:
      - nosniff
      x-powered-by:
      - ASP.NET
    status:
      code: 200
      message: OK
version: 1
