interactions:
- request:
    body: '{"location": "westus2", "tags": {}, "properties": {"addressSpace": {"addressPrefixes":
      ["10.5.0.0/16"]}, "dhcpOptions": {}}}'
    headers:
      Accept:
      - application/json
      Accept-Encoding:
      - gzip, deflate
      CommandName:
      - network vnet create
      Connection:
      - keep-alive
      Content-Length:
      - '124'
      Content-Type:
      - application/json
      ParameterSetName:
      - -n --resource-group -l --address-prefix
      User-Agent:
      - AZURECLI/2.18.0 azsdk-python-azure-mgmt-network/17.0.0 Python/3.8.7 (macOS-11.0.1-x86_64-i386-64bit)
    method: PUT
    uri: https://management.azure.com/subscriptions/00000000-0000-0000-0000-000000000000/resourceGroups/cli_netappfiles_test_snap_000001/providers/Microsoft.Network/virtualNetworks/cli-vnet-lefr-02?api-version=2020-07-01
  response:
    body:
      string: "{\r\n  \"name\": \"cli-vnet-lefr-02\",\r\n  \"id\": \"/subscriptions/00000000-0000-0000-0000-000000000000/resourceGroups/cli_netappfiles_test_snap_000001/providers/Microsoft.Network/virtualNetworks/cli-vnet-lefr-02\"\
        ,\r\n  \"etag\": \"W/\\\"f9466cf0-e625-4d1b-98d3-51c96e97c336\\\"\",\r\n \
        \ \"type\": \"Microsoft.Network/virtualNetworks\",\r\n  \"location\": \"westus2\"\
        ,\r\n  \"tags\": {},\r\n  \"properties\": {\r\n    \"provisioningState\":\
        \ \"Updating\",\r\n    \"resourceGuid\": \"0580f492-ca06-4d15-a8c2-fdf72c1ab37f\"\
        ,\r\n    \"addressSpace\": {\r\n      \"addressPrefixes\": [\r\n        \"\
        10.5.0.0/16\"\r\n      ]\r\n    },\r\n    \"dhcpOptions\": {\r\n      \"dnsServers\"\
        : []\r\n    },\r\n    \"subnets\": [],\r\n    \"virtualNetworkPeerings\":\
        \ [],\r\n    \"enableDdosProtection\": false\r\n  }\r\n}"
    headers:
      azure-asyncnotification:
      - Enabled
      azure-asyncoperation:
      - https://management.azure.com/subscriptions/00000000-0000-0000-0000-000000000000/providers/Microsoft.Network/locations/westus2/operations/79ff9ef4-d47d-41da-9bea-f452da49e131?api-version=2020-07-01
      cache-control:
      - no-cache
      content-length:
      - '755'
      content-type:
      - application/json; charset=utf-8
      date:
      - Thu, 25 Feb 2021 11:47:52 GMT
      expires:
      - '-1'
      pragma:
      - no-cache
      server:
      - Microsoft-HTTPAPI/2.0
      - Microsoft-HTTPAPI/2.0
      strict-transport-security:
      - max-age=31536000; includeSubDomains
      x-content-type-options:
      - nosniff
      x-ms-arm-service-request-id:
      - a634e365-fb5f-4d3c-a8d3-8c1c0da011bb
      x-ms-ratelimit-remaining-subscription-writes:
      - '1199'
    status:
      code: 201
      message: Created
- request:
    body: null
    headers:
      Accept:
      - '*/*'
      Accept-Encoding:
      - gzip, deflate
      CommandName:
      - network vnet create
      Connection:
      - keep-alive
      ParameterSetName:
      - -n --resource-group -l --address-prefix
      User-Agent:
      - AZURECLI/2.18.0 azsdk-python-azure-mgmt-network/17.0.0 Python/3.8.7 (macOS-11.0.1-x86_64-i386-64bit)
    method: GET
    uri: https://management.azure.com/subscriptions/00000000-0000-0000-0000-000000000000/providers/Microsoft.Network/locations/westus2/operations/79ff9ef4-d47d-41da-9bea-f452da49e131?api-version=2020-07-01
  response:
    body:
      string: "{\r\n  \"status\": \"Succeeded\"\r\n}"
    headers:
      cache-control:
      - no-cache
      content-length:
      - '29'
      content-type:
      - application/json; charset=utf-8
      date:
      - Thu, 25 Feb 2021 11:47:55 GMT
      expires:
      - '-1'
      pragma:
      - no-cache
      server:
      - Microsoft-HTTPAPI/2.0
      - Microsoft-HTTPAPI/2.0
      strict-transport-security:
      - max-age=31536000; includeSubDomains
      transfer-encoding:
      - chunked
      vary:
      - Accept-Encoding
      x-content-type-options:
      - nosniff
      x-ms-arm-service-request-id:
      - ae501fdf-db51-451f-b8f7-41343fe3ef9a
    status:
      code: 200
      message: OK
- request:
    body: null
    headers:
      Accept:
      - '*/*'
      Accept-Encoding:
      - gzip, deflate
      CommandName:
      - network vnet create
      Connection:
      - keep-alive
      ParameterSetName:
      - -n --resource-group -l --address-prefix
      User-Agent:
      - AZURECLI/2.18.0 azsdk-python-azure-mgmt-network/17.0.0 Python/3.8.7 (macOS-11.0.1-x86_64-i386-64bit)
    method: GET
    uri: https://management.azure.com/subscriptions/00000000-0000-0000-0000-000000000000/resourceGroups/cli_netappfiles_test_snap_000001/providers/Microsoft.Network/virtualNetworks/cli-vnet-lefr-02?api-version=2020-07-01
  response:
    body:
      string: "{\r\n  \"name\": \"cli-vnet-lefr-02\",\r\n  \"id\": \"/subscriptions/00000000-0000-0000-0000-000000000000/resourceGroups/cli_netappfiles_test_snap_000001/providers/Microsoft.Network/virtualNetworks/cli-vnet-lefr-02\"\
        ,\r\n  \"etag\": \"W/\\\"9c7d0722-b91e-491d-a695-392413bc9b71\\\"\",\r\n \
        \ \"type\": \"Microsoft.Network/virtualNetworks\",\r\n  \"location\": \"westus2\"\
        ,\r\n  \"tags\": {},\r\n  \"properties\": {\r\n    \"provisioningState\":\
        \ \"Succeeded\",\r\n    \"resourceGuid\": \"0580f492-ca06-4d15-a8c2-fdf72c1ab37f\"\
        ,\r\n    \"addressSpace\": {\r\n      \"addressPrefixes\": [\r\n        \"\
        10.5.0.0/16\"\r\n      ]\r\n    },\r\n    \"dhcpOptions\": {\r\n      \"dnsServers\"\
        : []\r\n    },\r\n    \"subnets\": [],\r\n    \"virtualNetworkPeerings\":\
        \ [],\r\n    \"enableDdosProtection\": false\r\n  }\r\n}"
    headers:
      cache-control:
      - no-cache
      content-length:
      - '756'
      content-type:
      - application/json; charset=utf-8
      date:
      - Thu, 25 Feb 2021 11:47:55 GMT
      etag:
      - W/"9c7d0722-b91e-491d-a695-392413bc9b71"
      expires:
      - '-1'
      pragma:
      - no-cache
      server:
      - Microsoft-HTTPAPI/2.0
      - Microsoft-HTTPAPI/2.0
      strict-transport-security:
      - max-age=31536000; includeSubDomains
      transfer-encoding:
      - chunked
      vary:
      - Accept-Encoding
      x-content-type-options:
      - nosniff
      x-ms-arm-service-request-id:
      - 122f58e2-122f-412b-bc1f-b6a698462bc5
    status:
      code: 200
      message: OK
- request:
    body: null
    headers:
      Accept:
      - application/json
      Accept-Encoding:
      - gzip, deflate
      CommandName:
      - network vnet subnet create
      Connection:
      - keep-alive
      ParameterSetName:
      - -n --vnet-name --address-prefixes --delegations -g
      User-Agent:
      - AZURECLI/2.18.0 azsdk-python-azure-mgmt-network/17.0.0 Python/3.8.7 (macOS-11.0.1-x86_64-i386-64bit)
    method: GET
    uri: https://management.azure.com/subscriptions/00000000-0000-0000-0000-000000000000/resourceGroups/cli_netappfiles_test_snap_000001/providers/Microsoft.Network/virtualNetworks/cli-vnet-lefr-02?api-version=2020-07-01
  response:
    body:
      string: "{\r\n  \"name\": \"cli-vnet-lefr-02\",\r\n  \"id\": \"/subscriptions/00000000-0000-0000-0000-000000000000/resourceGroups/cli_netappfiles_test_snap_000001/providers/Microsoft.Network/virtualNetworks/cli-vnet-lefr-02\"\
        ,\r\n  \"etag\": \"W/\\\"9c7d0722-b91e-491d-a695-392413bc9b71\\\"\",\r\n \
        \ \"type\": \"Microsoft.Network/virtualNetworks\",\r\n  \"location\": \"westus2\"\
        ,\r\n  \"tags\": {},\r\n  \"properties\": {\r\n    \"provisioningState\":\
        \ \"Succeeded\",\r\n    \"resourceGuid\": \"0580f492-ca06-4d15-a8c2-fdf72c1ab37f\"\
        ,\r\n    \"addressSpace\": {\r\n      \"addressPrefixes\": [\r\n        \"\
        10.5.0.0/16\"\r\n      ]\r\n    },\r\n    \"dhcpOptions\": {\r\n      \"dnsServers\"\
        : []\r\n    },\r\n    \"subnets\": [],\r\n    \"virtualNetworkPeerings\":\
        \ [],\r\n    \"enableDdosProtection\": false\r\n  }\r\n}"
    headers:
      cache-control:
      - no-cache
      content-length:
      - '756'
      content-type:
      - application/json; charset=utf-8
      date:
      - Thu, 25 Feb 2021 11:47:56 GMT
      etag:
      - W/"9c7d0722-b91e-491d-a695-392413bc9b71"
      expires:
      - '-1'
      pragma:
      - no-cache
      server:
      - Microsoft-HTTPAPI/2.0
      - Microsoft-HTTPAPI/2.0
      strict-transport-security:
      - max-age=31536000; includeSubDomains
      transfer-encoding:
      - chunked
      vary:
      - Accept-Encoding
      x-content-type-options:
      - nosniff
      x-ms-arm-service-request-id:
      - 31aab0f1-d918-4086-a7b3-0cdba5a36e82
    status:
      code: 200
      message: OK
- request:
    body: '{"id": "/subscriptions/00000000-0000-0000-0000-000000000000/resourceGroups/cli_netappfiles_test_snap_000001/providers/Microsoft.Network/virtualNetworks/cli-vnet-lefr-02",
      "location": "westus2", "tags": {}, "properties": {"addressSpace": {"addressPrefixes":
      ["10.5.0.0/16"]}, "dhcpOptions": {"dnsServers": []}, "subnets": [{"name": "cli-subnet-lefr-02",
      "properties": {"addressPrefix": "10.5.0.0/24", "delegations": [{"name": "0",
      "properties": {"serviceName": "Microsoft.Netapp/volumes"}}]}}], "virtualNetworkPeerings":
      [], "enableDdosProtection": false}}'
    headers:
      Accept:
      - application/json
      Accept-Encoding:
      - gzip, deflate
      CommandName:
      - network vnet subnet create
      Connection:
      - keep-alive
      Content-Length:
      - '598'
      Content-Type:
      - application/json
      ParameterSetName:
      - -n --vnet-name --address-prefixes --delegations -g
      User-Agent:
      - AZURECLI/2.18.0 azsdk-python-azure-mgmt-network/17.0.0 Python/3.8.7 (macOS-11.0.1-x86_64-i386-64bit)
    method: PUT
    uri: https://management.azure.com/subscriptions/00000000-0000-0000-0000-000000000000/resourceGroups/cli_netappfiles_test_snap_000001/providers/Microsoft.Network/virtualNetworks/cli-vnet-lefr-02?api-version=2020-07-01
  response:
    body:
      string: "{\r\n  \"name\": \"cli-vnet-lefr-02\",\r\n  \"id\": \"/subscriptions/00000000-0000-0000-0000-000000000000/resourceGroups/cli_netappfiles_test_snap_000001/providers/Microsoft.Network/virtualNetworks/cli-vnet-lefr-02\"\
        ,\r\n  \"etag\": \"W/\\\"914ceb89-7f02-4906-b88b-627d1e3a1352\\\"\",\r\n \
        \ \"type\": \"Microsoft.Network/virtualNetworks\",\r\n  \"location\": \"westus2\"\
        ,\r\n  \"tags\": {},\r\n  \"properties\": {\r\n    \"provisioningState\":\
        \ \"Updating\",\r\n    \"resourceGuid\": \"0580f492-ca06-4d15-a8c2-fdf72c1ab37f\"\
        ,\r\n    \"addressSpace\": {\r\n      \"addressPrefixes\": [\r\n        \"\
        10.5.0.0/16\"\r\n      ]\r\n    },\r\n    \"dhcpOptions\": {\r\n      \"dnsServers\"\
        : []\r\n    },\r\n    \"subnets\": [\r\n      {\r\n        \"name\": \"cli-subnet-lefr-02\"\
        ,\r\n        \"id\": \"/subscriptions/00000000-0000-0000-0000-000000000000/resourceGroups/cli_netappfiles_test_snap_000001/providers/Microsoft.Network/virtualNetworks/cli-vnet-lefr-02/subnets/cli-subnet-lefr-02\"\
        ,\r\n        \"etag\": \"W/\\\"914ceb89-7f02-4906-b88b-627d1e3a1352\\\"\"\
        ,\r\n        \"properties\": {\r\n          \"provisioningState\": \"Updating\"\
        ,\r\n          \"addressPrefix\": \"10.5.0.0/24\",\r\n          \"delegations\"\
        : [\r\n            {\r\n              \"name\": \"0\",\r\n              \"\
        id\": \"/subscriptions/00000000-0000-0000-0000-000000000000/resourceGroups/cli_netappfiles_test_snap_000001/providers/Microsoft.Network/virtualNetworks/cli-vnet-lefr-02/subnets/cli-subnet-lefr-02/delegations/0\"\
        ,\r\n              \"etag\": \"W/\\\"914ceb89-7f02-4906-b88b-627d1e3a1352\\\
        \"\",\r\n              \"properties\": {\r\n                \"provisioningState\"\
        : \"Succeeded\",\r\n                \"serviceName\": \"Microsoft.Netapp/volumes\"\
        ,\r\n                \"actions\": [\r\n                  \"Microsoft.Network/networkinterfaces/*\"\
        ,\r\n                  \"Microsoft.Network/virtualNetworks/subnets/join/action\"\
        \r\n                ]\r\n              },\r\n              \"type\": \"Microsoft.Network/virtualNetworks/subnets/delegations\"\
        \r\n            }\r\n          ],\r\n          \"purpose\": \"HostedWorkloads\"\
        ,\r\n          \"privateEndpointNetworkPolicies\": \"Enabled\",\r\n      \
        \    \"privateLinkServiceNetworkPolicies\": \"Enabled\"\r\n        },\r\n\
        \        \"type\": \"Microsoft.Network/virtualNetworks/subnets\"\r\n     \
        \ }\r\n    ],\r\n    \"virtualNetworkPeerings\": [],\r\n    \"enableDdosProtection\"\
        : false\r\n  }\r\n}"
    headers:
      azure-asyncoperation:
      - https://management.azure.com/subscriptions/00000000-0000-0000-0000-000000000000/providers/Microsoft.Network/locations/westus2/operations/b2212d70-9df9-4c27-8d2f-fd0abc4769f7?api-version=2020-07-01
      cache-control:
      - no-cache
      content-length:
      - '2331'
      content-type:
      - application/json; charset=utf-8
      date:
      - Thu, 25 Feb 2021 11:47:58 GMT
      expires:
      - '-1'
      pragma:
      - no-cache
      server:
      - Microsoft-HTTPAPI/2.0
      - Microsoft-HTTPAPI/2.0
      strict-transport-security:
      - max-age=31536000; includeSubDomains
      transfer-encoding:
      - chunked
      vary:
      - Accept-Encoding
      x-content-type-options:
      - nosniff
      x-ms-arm-service-request-id:
      - 1aa1a6e8-279d-4799-80f2-d10aa759ecbc
      x-ms-ratelimit-remaining-subscription-writes:
      - '1199'
    status:
      code: 200
      message: OK
- request:
    body: null
    headers:
      Accept:
      - '*/*'
      Accept-Encoding:
      - gzip, deflate
      CommandName:
      - network vnet subnet create
      Connection:
      - keep-alive
      ParameterSetName:
      - -n --vnet-name --address-prefixes --delegations -g
      User-Agent:
      - AZURECLI/2.18.0 azsdk-python-azure-mgmt-network/17.0.0 Python/3.8.7 (macOS-11.0.1-x86_64-i386-64bit)
    method: GET
    uri: https://management.azure.com/subscriptions/00000000-0000-0000-0000-000000000000/providers/Microsoft.Network/locations/westus2/operations/b2212d70-9df9-4c27-8d2f-fd0abc4769f7?api-version=2020-07-01
  response:
    body:
      string: "{\r\n  \"status\": \"Succeeded\"\r\n}"
    headers:
      cache-control:
      - no-cache
      content-length:
      - '29'
      content-type:
      - application/json; charset=utf-8
      date:
      - Thu, 25 Feb 2021 11:48:01 GMT
      expires:
      - '-1'
      pragma:
      - no-cache
      server:
      - Microsoft-HTTPAPI/2.0
      - Microsoft-HTTPAPI/2.0
      strict-transport-security:
      - max-age=31536000; includeSubDomains
      transfer-encoding:
      - chunked
      vary:
      - Accept-Encoding
      x-content-type-options:
      - nosniff
      x-ms-arm-service-request-id:
      - fcf18a9b-406a-48fb-a228-6ee682144d12
    status:
      code: 200
      message: OK
- request:
    body: null
    headers:
      Accept:
      - '*/*'
      Accept-Encoding:
      - gzip, deflate
      CommandName:
      - network vnet subnet create
      Connection:
      - keep-alive
      ParameterSetName:
      - -n --vnet-name --address-prefixes --delegations -g
      User-Agent:
      - AZURECLI/2.18.0 azsdk-python-azure-mgmt-network/17.0.0 Python/3.8.7 (macOS-11.0.1-x86_64-i386-64bit)
    method: GET
    uri: https://management.azure.com/subscriptions/00000000-0000-0000-0000-000000000000/resourceGroups/cli_netappfiles_test_snap_000001/providers/Microsoft.Network/virtualNetworks/cli-vnet-lefr-02?api-version=2020-07-01
  response:
    body:
      string: "{\r\n  \"name\": \"cli-vnet-lefr-02\",\r\n  \"id\": \"/subscriptions/00000000-0000-0000-0000-000000000000/resourceGroups/cli_netappfiles_test_snap_000001/providers/Microsoft.Network/virtualNetworks/cli-vnet-lefr-02\"\
        ,\r\n  \"etag\": \"W/\\\"1484ee19-6143-4ae0-9cdd-b5429354e1ee\\\"\",\r\n \
        \ \"type\": \"Microsoft.Network/virtualNetworks\",\r\n  \"location\": \"westus2\"\
        ,\r\n  \"tags\": {},\r\n  \"properties\": {\r\n    \"provisioningState\":\
        \ \"Succeeded\",\r\n    \"resourceGuid\": \"0580f492-ca06-4d15-a8c2-fdf72c1ab37f\"\
        ,\r\n    \"addressSpace\": {\r\n      \"addressPrefixes\": [\r\n        \"\
        10.5.0.0/16\"\r\n      ]\r\n    },\r\n    \"dhcpOptions\": {\r\n      \"dnsServers\"\
        : []\r\n    },\r\n    \"subnets\": [\r\n      {\r\n        \"name\": \"cli-subnet-lefr-02\"\
        ,\r\n        \"id\": \"/subscriptions/00000000-0000-0000-0000-000000000000/resourceGroups/cli_netappfiles_test_snap_000001/providers/Microsoft.Network/virtualNetworks/cli-vnet-lefr-02/subnets/cli-subnet-lefr-02\"\
        ,\r\n        \"etag\": \"W/\\\"1484ee19-6143-4ae0-9cdd-b5429354e1ee\\\"\"\
        ,\r\n        \"properties\": {\r\n          \"provisioningState\": \"Succeeded\"\
        ,\r\n          \"addressPrefix\": \"10.5.0.0/24\",\r\n          \"delegations\"\
        : [\r\n            {\r\n              \"name\": \"0\",\r\n              \"\
        id\": \"/subscriptions/00000000-0000-0000-0000-000000000000/resourceGroups/cli_netappfiles_test_snap_000001/providers/Microsoft.Network/virtualNetworks/cli-vnet-lefr-02/subnets/cli-subnet-lefr-02/delegations/0\"\
        ,\r\n              \"etag\": \"W/\\\"1484ee19-6143-4ae0-9cdd-b5429354e1ee\\\
        \"\",\r\n              \"properties\": {\r\n                \"provisioningState\"\
        : \"Succeeded\",\r\n                \"serviceName\": \"Microsoft.Netapp/volumes\"\
        ,\r\n                \"actions\": [\r\n                  \"Microsoft.Network/networkinterfaces/*\"\
        ,\r\n                  \"Microsoft.Network/virtualNetworks/subnets/join/action\"\
        \r\n                ]\r\n              },\r\n              \"type\": \"Microsoft.Network/virtualNetworks/subnets/delegations\"\
        \r\n            }\r\n          ],\r\n          \"purpose\": \"HostedWorkloads\"\
        ,\r\n          \"privateEndpointNetworkPolicies\": \"Enabled\",\r\n      \
        \    \"privateLinkServiceNetworkPolicies\": \"Enabled\"\r\n        },\r\n\
        \        \"type\": \"Microsoft.Network/virtualNetworks/subnets\"\r\n     \
        \ }\r\n    ],\r\n    \"virtualNetworkPeerings\": [],\r\n    \"enableDdosProtection\"\
        : false\r\n  }\r\n}"
    headers:
      cache-control:
      - no-cache
      content-length:
      - '2333'
      content-type:
      - application/json; charset=utf-8
      date:
      - Thu, 25 Feb 2021 11:48:01 GMT
      etag:
      - W/"1484ee19-6143-4ae0-9cdd-b5429354e1ee"
      expires:
      - '-1'
      pragma:
      - no-cache
      server:
      - Microsoft-HTTPAPI/2.0
      - Microsoft-HTTPAPI/2.0
      strict-transport-security:
      - max-age=31536000; includeSubDomains
      transfer-encoding:
      - chunked
      vary:
      - Accept-Encoding
      x-content-type-options:
      - nosniff
      x-ms-arm-service-request-id:
      - feaa9383-a302-4a4a-b2da-7ca175619d79
    status:
      code: 200
      message: OK
- request:
    body: '{"location": "westus2", "properties": {"encryption": {}}}'
    headers:
      Accept:
      - application/json
      Accept-Encoding:
      - gzip, deflate
      CommandName:
      - netappfiles account create
      Connection:
      - keep-alive
      Content-Length:
      - '57'
      Content-Type:
      - application/json; charset=utf-8
      ParameterSetName:
      - -g -a -l
      User-Agent:
      - python/3.8.7 (macOS-11.0.1-x86_64-i386-64bit) msrest/0.6.18 msrest_azure/0.6.3
        azure-mgmt-netapp/0.16.0 Azure-SDK-For-Python AZURECLI/2.18.0
      accept-language:
      - en-US
    method: PUT
    uri: https://management.azure.com/subscriptions/00000000-0000-0000-0000-000000000000/resourceGroups/cli_netappfiles_test_snap_000001/providers/Microsoft.NetApp/netAppAccounts/cli-acc-000002?api-version=2020-11-01
  response:
    body:
      string: '{"id":"/subscriptions/00000000-0000-0000-0000-000000000000/resourceGroups/cli_netappfiles_test_snap_000001/providers/Microsoft.NetApp/netAppAccounts/cli-acc-000002","name":"cli-acc-000002","type":"Microsoft.NetApp/netAppAccounts","etag":"W/\"datetime''2021-02-25T11%3A48%3A08.8901229Z''\"","location":"westus2","properties":{"encryption":{},"provisioningState":"Creating"}}'
    headers:
      access-control-expose-headers:
      - Request-Context
      azure-asyncoperation:
      - https://management.azure.com/subscriptions/00000000-0000-0000-0000-000000000000/providers/Microsoft.NetApp/locations/westus2/operationResults/9602322a-8063-49a8-b08c-5da2e8964ed1?api-version=2020-11-01
      cache-control:
      - no-cache
      content-length:
      - '434'
      content-type:
      - application/json; charset=utf-8
      date:
      - Thu, 25 Feb 2021 11:48:09 GMT
      etag:
      - W/"datetime'2021-02-25T11%3A48%3A08.8901229Z'"
      expires:
      - '-1'
      pragma:
      - no-cache
      request-context:
      - appId=cid-v1:2c4cb680-0a1f-424d-bb8d-8e650ba68d53
      server:
      - Microsoft-IIS/10.0
      strict-transport-security:
      - max-age=31536000; includeSubDomains
      x-content-type-options:
      - nosniff
      x-ms-ratelimit-remaining-subscription-writes:
      - '1199'
      x-powered-by:
      - ASP.NET
    status:
      code: 201
      message: Created
- request:
    body: null
    headers:
      Accept:
      - application/json
      Accept-Encoding:
      - gzip, deflate
      CommandName:
      - netappfiles account create
      Connection:
      - keep-alive
      ParameterSetName:
      - -g -a -l
      User-Agent:
      - python/3.8.7 (macOS-11.0.1-x86_64-i386-64bit) msrest/0.6.18 msrest_azure/0.6.3
        azure-mgmt-netapp/0.16.0 Azure-SDK-For-Python AZURECLI/2.18.0
    method: GET
    uri: https://management.azure.com/subscriptions/00000000-0000-0000-0000-000000000000/providers/Microsoft.NetApp/locations/westus2/operationResults/9602322a-8063-49a8-b08c-5da2e8964ed1?api-version=2020-11-01
  response:
    body:
      string: '{"id":"/subscriptions/00000000-0000-0000-0000-000000000000/providers/Microsoft.NetApp/locations/westus2/operationResults/9602322a-8063-49a8-b08c-5da2e8964ed1","name":"9602322a-8063-49a8-b08c-5da2e8964ed1","status":"Succeeded","startTime":"2021-02-25T11:48:08.83153Z","endTime":"2021-02-25T11:48:08.9811043Z","percentComplete":100.0,"properties":{"resourceName":"/subscriptions/00000000-0000-0000-0000-000000000000/resourceGroups/cli_netappfiles_test_snap_000001/providers/Microsoft.NetApp/netAppAccounts/cli-acc-000002"}}'
    headers:
      access-control-expose-headers:
      - Request-Context
      cache-control:
      - no-cache
      content-length:
      - '574'
      content-type:
      - application/json; charset=utf-8
      date:
      - Thu, 25 Feb 2021 11:48:41 GMT
      expires:
      - '-1'
      pragma:
      - no-cache
      request-context:
      - appId=cid-v1:2c4cb680-0a1f-424d-bb8d-8e650ba68d53
      server:
      - Microsoft-IIS/10.0
      strict-transport-security:
      - max-age=31536000; includeSubDomains
      transfer-encoding:
      - chunked
      vary:
      - Accept-Encoding
      x-content-type-options:
      - nosniff
      x-powered-by:
      - ASP.NET
    status:
      code: 200
      message: OK
- request:
    body: null
    headers:
      Accept:
      - application/json
      Accept-Encoding:
      - gzip, deflate
      CommandName:
      - netappfiles account create
      Connection:
      - keep-alive
      ParameterSetName:
      - -g -a -l
      User-Agent:
      - python/3.8.7 (macOS-11.0.1-x86_64-i386-64bit) msrest/0.6.18 msrest_azure/0.6.3
        azure-mgmt-netapp/0.16.0 Azure-SDK-For-Python AZURECLI/2.18.0
    method: GET
    uri: https://management.azure.com/subscriptions/00000000-0000-0000-0000-000000000000/resourceGroups/cli_netappfiles_test_snap_000001/providers/Microsoft.NetApp/netAppAccounts/cli-acc-000002?api-version=2020-11-01
  response:
    body:
      string: '{"id":"/subscriptions/00000000-0000-0000-0000-000000000000/resourceGroups/cli_netappfiles_test_snap_000001/providers/Microsoft.NetApp/netAppAccounts/cli-acc-000002","name":"cli-acc-000002","type":"Microsoft.NetApp/netAppAccounts","etag":"W/\"datetime''2021-02-25T11%3A48%3A08.97118Z''\"","location":"westus2","properties":{"provisioningState":"Succeeded","encryption":{}}}'
    headers:
      access-control-expose-headers:
      - Request-Context
      cache-control:
      - no-cache
      content-length:
      - '433'
      content-type:
      - application/json; charset=utf-8
      date:
      - Thu, 25 Feb 2021 11:48:41 GMT
      etag:
      - W/"datetime'2021-02-25T11%3A48%3A08.97118Z'"
      expires:
      - '-1'
      pragma:
      - no-cache
      request-context:
      - appId=cid-v1:2c4cb680-0a1f-424d-bb8d-8e650ba68d53
      server:
      - Microsoft-IIS/10.0
      strict-transport-security:
      - max-age=31536000; includeSubDomains
      transfer-encoding:
      - chunked
      vary:
      - Accept-Encoding
      x-content-type-options:
      - nosniff
      x-powered-by:
      - ASP.NET
    status:
      code: 200
      message: OK
- request:
    body: '{"location": "westus2", "properties": {"size": 4398046511104, "serviceLevel":
      "Premium"}}'
    headers:
      Accept:
      - application/json
      Accept-Encoding:
      - gzip, deflate
      CommandName:
      - netappfiles pool create
      Connection:
      - keep-alive
      Content-Length:
      - '89'
      Content-Type:
      - application/json; charset=utf-8
      ParameterSetName:
      - -g -a -p -l --service-level --size
      User-Agent:
      - python/3.8.7 (macOS-11.0.1-x86_64-i386-64bit) msrest/0.6.18 msrest_azure/0.6.3
        azure-mgmt-netapp/0.16.0 Azure-SDK-For-Python AZURECLI/2.18.0
      accept-language:
      - en-US
    method: PUT
    uri: https://management.azure.com/subscriptions/00000000-0000-0000-0000-000000000000/resourceGroups/cli_netappfiles_test_snap_000001/providers/Microsoft.NetApp/netAppAccounts/cli-acc-000002/capacityPools/cli-pool-000003?api-version=2020-11-01
  response:
    body:
      string: '{"id":"/subscriptions/00000000-0000-0000-0000-000000000000/resourceGroups/cli_netappfiles_test_snap_000001/providers/Microsoft.NetApp/netAppAccounts/cli-acc-000002/capacityPools/cli-pool-000003","name":"cli-acc-000002/cli-pool-000003","type":"Microsoft.NetApp/netAppAccounts/capacityPools","etag":"W/\"datetime''2021-02-25T11%3A48%3A49.8011378Z''\"","location":"westus2","properties":{"serviceLevel":"Premium","size":4398046511104,"totalThroughputMibps":0.0,"utilizedThroughputMibps":0.0,"provisioningState":"Creating"}}'
    headers:
      access-control-expose-headers:
      - Request-Context
      azure-asyncoperation:
      - https://management.azure.com/subscriptions/00000000-0000-0000-0000-000000000000/providers/Microsoft.NetApp/locations/westus2/operationResults/1e9ac9c7-be60-4c4d-a370-4e0fe68314fa?api-version=2020-11-01
      cache-control:
      - no-cache
      content-length:
      - '599'
      content-type:
      - application/json; charset=utf-8
      date:
      - Thu, 25 Feb 2021 11:48:50 GMT
      etag:
      - W/"datetime'2021-02-25T11%3A48%3A49.8011378Z'"
      expires:
      - '-1'
      pragma:
      - no-cache
      request-context:
      - appId=cid-v1:2c4cb680-0a1f-424d-bb8d-8e650ba68d53
      server:
      - Microsoft-IIS/10.0
      strict-transport-security:
      - max-age=31536000; includeSubDomains
      x-content-type-options:
      - nosniff
      x-ms-ratelimit-remaining-subscription-writes:
      - '1199'
      x-powered-by:
      - ASP.NET
    status:
      code: 201
      message: Created
- request:
    body: null
    headers:
      Accept:
      - application/json
      Accept-Encoding:
      - gzip, deflate
      CommandName:
      - netappfiles pool create
      Connection:
      - keep-alive
      ParameterSetName:
      - -g -a -p -l --service-level --size
      User-Agent:
      - python/3.8.7 (macOS-11.0.1-x86_64-i386-64bit) msrest/0.6.18 msrest_azure/0.6.3
        azure-mgmt-netapp/0.16.0 Azure-SDK-For-Python AZURECLI/2.18.0
    method: GET
    uri: https://management.azure.com/subscriptions/00000000-0000-0000-0000-000000000000/providers/Microsoft.NetApp/locations/westus2/operationResults/1e9ac9c7-be60-4c4d-a370-4e0fe68314fa?api-version=2020-11-01
  response:
    body:
      string: '{"id":"/subscriptions/00000000-0000-0000-0000-000000000000/providers/Microsoft.NetApp/locations/westus2/operationResults/1e9ac9c7-be60-4c4d-a370-4e0fe68314fa","name":"1e9ac9c7-be60-4c4d-a370-4e0fe68314fa","status":"Succeeded","startTime":"2021-02-25T11:48:49.7480143Z","endTime":"2021-02-25T11:48:50.0177444Z","percentComplete":100.0,"properties":{"resourceName":"/subscriptions/00000000-0000-0000-0000-000000000000/resourceGroups/cli_netappfiles_test_snap_000001/providers/Microsoft.NetApp/netAppAccounts/cli-acc-000002/capacityPools/cli-pool-000003"}}'
    headers:
      access-control-expose-headers:
      - Request-Context
      cache-control:
      - no-cache
      content-length:
      - '615'
      content-type:
      - application/json; charset=utf-8
      date:
      - Thu, 25 Feb 2021 11:49:22 GMT
      expires:
      - '-1'
      pragma:
      - no-cache
      request-context:
      - appId=cid-v1:2c4cb680-0a1f-424d-bb8d-8e650ba68d53
      server:
      - Microsoft-IIS/10.0
      strict-transport-security:
      - max-age=31536000; includeSubDomains
      transfer-encoding:
      - chunked
      vary:
      - Accept-Encoding
      x-content-type-options:
      - nosniff
      x-powered-by:
      - ASP.NET
    status:
      code: 200
      message: OK
- request:
    body: null
    headers:
      Accept:
      - application/json
      Accept-Encoding:
      - gzip, deflate
      CommandName:
      - netappfiles pool create
      Connection:
      - keep-alive
      ParameterSetName:
      - -g -a -p -l --service-level --size
      User-Agent:
      - python/3.8.7 (macOS-11.0.1-x86_64-i386-64bit) msrest/0.6.18 msrest_azure/0.6.3
        azure-mgmt-netapp/0.16.0 Azure-SDK-For-Python AZURECLI/2.18.0
    method: GET
    uri: https://management.azure.com/subscriptions/00000000-0000-0000-0000-000000000000/resourceGroups/cli_netappfiles_test_snap_000001/providers/Microsoft.NetApp/netAppAccounts/cli-acc-000002/capacityPools/cli-pool-000003?api-version=2020-11-01
  response:
    body:
      string: '{"id":"/subscriptions/00000000-0000-0000-0000-000000000000/resourceGroups/cli_netappfiles_test_snap_000001/providers/Microsoft.NetApp/netAppAccounts/cli-acc-000002/capacityPools/cli-pool-000003","name":"cli-acc-000002/cli-pool-000003","type":"Microsoft.NetApp/netAppAccounts/capacityPools","etag":"W/\"datetime''2021-02-25T11%3A48%3A50.0122878Z''\"","location":"westus2","properties":{"poolId":"b4ff0633-f75d-4ca8-0daf-3da4d3550d43","serviceLevel":"Premium","size":4398046511104,"qosType":"Auto","totalThroughputMibps":262.144,"utilizedThroughputMibps":0.0,"encryptionType":"Single","provisioningState":"Succeeded"}}'
    headers:
      access-control-expose-headers:
      - Request-Context
      cache-control:
      - no-cache
      content-length:
      - '695'
      content-type:
      - application/json; charset=utf-8
      date:
      - Thu, 25 Feb 2021 11:49:22 GMT
      etag:
      - W/"datetime'2021-02-25T11%3A48%3A50.0122878Z'"
      expires:
      - '-1'
      pragma:
      - no-cache
      request-context:
      - appId=cid-v1:2c4cb680-0a1f-424d-bb8d-8e650ba68d53
      server:
      - Microsoft-IIS/10.0
      strict-transport-security:
      - max-age=31536000; includeSubDomains
      transfer-encoding:
      - chunked
      vary:
      - Accept-Encoding
      x-content-type-options:
      - nosniff
      x-powered-by:
      - ASP.NET
    status:
      code: 200
      message: OK
- request:
    body: '{"location": "westus2", "properties": {"creationToken": "cli-vol-000004",
      "serviceLevel": "Premium", "usageThreshold": 107374182400, "subnetId": "/subscriptions/00000000-0000-0000-0000-000000000000/resourceGroups/cli_netappfiles_test_snap_000001/providers/Microsoft.Network/virtualNetworks/cli-vnet-lefr-02/subnets/cli-subnet-lefr-02"}}'
    headers:
      Accept:
      - application/json
      Accept-Encoding:
      - gzip, deflate
      CommandName:
      - netappfiles volume create
      Connection:
      - keep-alive
      Content-Length:
      - '389'
      Content-Type:
      - application/json; charset=utf-8
      ParameterSetName:
      - --resource-group --account-name --pool-name --volume-name -l --service-level
        --usage-threshold --file-path --vnet --subnet
      User-Agent:
      - python/3.8.7 (macOS-11.0.1-x86_64-i386-64bit) msrest/0.6.18 msrest_azure/0.6.3
        azure-mgmt-netapp/0.16.0 Azure-SDK-For-Python AZURECLI/2.18.0
      accept-language:
      - en-US
    method: PUT
    uri: https://management.azure.com/subscriptions/00000000-0000-0000-0000-000000000000/resourceGroups/cli_netappfiles_test_snap_000001/providers/Microsoft.NetApp/netAppAccounts/cli-acc-000002/capacityPools/cli-pool-000003/volumes/cli-vol-000004?api-version=2020-11-01
  response:
    body:
      string: '{"id":"/subscriptions/00000000-0000-0000-0000-000000000000/resourceGroups/cli_netappfiles_test_snap_000001/providers/Microsoft.NetApp/netAppAccounts/cli-acc-000002/capacityPools/cli-pool-000003/volumes/cli-vol-000004","name":"cli-acc-000002/cli-pool-000003/cli-vol-000004","type":"Microsoft.NetApp/netAppAccounts/capacityPools/volumes","etag":"W/\"datetime''2021-02-25T11%3A49%3A30.5320253Z''\"","location":"westus2","properties":{"serviceLevel":"Premium","creationToken":"cli-vol-000004","usageThreshold":107374182400,"subnetId":"/subscriptions/00000000-0000-0000-0000-000000000000/resourceGroups/cli_netappfiles_test_snap_000001/providers/Microsoft.Network/virtualNetworks/cli-vnet-lefr-02/subnets/cli-subnet-lefr-02","provisioningState":"Creating"}}'
    headers:
      access-control-expose-headers:
      - Request-Context
      azure-asyncoperation:
      - https://management.azure.com/subscriptions/00000000-0000-0000-0000-000000000000/providers/Microsoft.NetApp/locations/westus2/operationResults/f2251120-ea46-40d3-812a-c1e699da9abc?api-version=2020-11-01
      cache-control:
      - no-cache
      content-length:
      - '904'
      content-type:
      - application/json; charset=utf-8
      date:
      - Thu, 25 Feb 2021 11:49:31 GMT
      etag:
      - W/"datetime'2021-02-25T11%3A49%3A30.5320253Z'"
      expires:
      - '-1'
      pragma:
      - no-cache
      request-context:
      - appId=cid-v1:2c4cb680-0a1f-424d-bb8d-8e650ba68d53
      server:
      - Microsoft-IIS/10.0
      strict-transport-security:
      - max-age=31536000; includeSubDomains
      x-content-type-options:
      - nosniff
      x-ms-ratelimit-remaining-subscription-writes:
      - '1198'
      x-powered-by:
      - ASP.NET
    status:
      code: 201
      message: Created
- request:
    body: null
    headers:
      Accept:
      - application/json
      Accept-Encoding:
      - gzip, deflate
      CommandName:
      - netappfiles volume create
      Connection:
      - keep-alive
      ParameterSetName:
      - --resource-group --account-name --pool-name --volume-name -l --service-level
        --usage-threshold --file-path --vnet --subnet
      User-Agent:
      - python/3.8.7 (macOS-11.0.1-x86_64-i386-64bit) msrest/0.6.18 msrest_azure/0.6.3
        azure-mgmt-netapp/0.16.0 Azure-SDK-For-Python AZURECLI/2.18.0
    method: GET
    uri: https://management.azure.com/subscriptions/00000000-0000-0000-0000-000000000000/providers/Microsoft.NetApp/locations/westus2/operationResults/f2251120-ea46-40d3-812a-c1e699da9abc?api-version=2020-11-01
  response:
    body:
      string: '{"id":"/subscriptions/00000000-0000-0000-0000-000000000000/providers/Microsoft.NetApp/locations/westus2/operationResults/f2251120-ea46-40d3-812a-c1e699da9abc","name":"f2251120-ea46-40d3-812a-c1e699da9abc","status":"Creating","startTime":"2021-02-25T11:49:30.4737412Z","endTime":"0001-01-01T00:00:00Z","percentComplete":0.0,"properties":{"resourceName":"/subscriptions/00000000-0000-0000-0000-000000000000/resourceGroups/cli_netappfiles_test_snap_000001/providers/Microsoft.NetApp/netAppAccounts/cli-acc-000002/capacityPools/cli-pool-000003/volumes/cli-vol-000004"}}'
    headers:
      access-control-expose-headers:
      - Request-Context
      cache-control:
      - no-cache
      content-length:
      - '637'
      content-type:
      - application/json; charset=utf-8
      date:
      - Thu, 25 Feb 2021 11:50:02 GMT
      expires:
      - '-1'
      pragma:
      - no-cache
      request-context:
      - appId=cid-v1:2c4cb680-0a1f-424d-bb8d-8e650ba68d53
      server:
      - Microsoft-IIS/10.0
      strict-transport-security:
      - max-age=31536000; includeSubDomains
      transfer-encoding:
      - chunked
      vary:
      - Accept-Encoding
      x-content-type-options:
      - nosniff
      x-powered-by:
      - ASP.NET
    status:
      code: 200
      message: OK
- request:
    body: null
    headers:
      Accept:
      - application/json
      Accept-Encoding:
      - gzip, deflate
      CommandName:
      - netappfiles volume create
      Connection:
      - keep-alive
      ParameterSetName:
      - --resource-group --account-name --pool-name --volume-name -l --service-level
        --usage-threshold --file-path --vnet --subnet
      User-Agent:
      - python/3.8.7 (macOS-11.0.1-x86_64-i386-64bit) msrest/0.6.18 msrest_azure/0.6.3
        azure-mgmt-netapp/0.16.0 Azure-SDK-For-Python AZURECLI/2.18.0
    method: GET
    uri: https://management.azure.com/subscriptions/00000000-0000-0000-0000-000000000000/providers/Microsoft.NetApp/locations/westus2/operationResults/f2251120-ea46-40d3-812a-c1e699da9abc?api-version=2020-11-01
  response:
    body:
      string: '{"id":"/subscriptions/00000000-0000-0000-0000-000000000000/providers/Microsoft.NetApp/locations/westus2/operationResults/f2251120-ea46-40d3-812a-c1e699da9abc","name":"f2251120-ea46-40d3-812a-c1e699da9abc","status":"Creating","startTime":"2021-02-25T11:49:30.4737412Z","endTime":"0001-01-01T00:00:00Z","percentComplete":0.0,"properties":{"resourceName":"/subscriptions/00000000-0000-0000-0000-000000000000/resourceGroups/cli_netappfiles_test_snap_000001/providers/Microsoft.NetApp/netAppAccounts/cli-acc-000002/capacityPools/cli-pool-000003/volumes/cli-vol-000004"}}'
    headers:
      access-control-expose-headers:
      - Request-Context
      cache-control:
      - no-cache
      content-length:
      - '637'
      content-type:
      - application/json; charset=utf-8
      date:
      - Thu, 25 Feb 2021 11:50:33 GMT
      expires:
      - '-1'
      pragma:
      - no-cache
      request-context:
      - appId=cid-v1:2c4cb680-0a1f-424d-bb8d-8e650ba68d53
      server:
      - Microsoft-IIS/10.0
      strict-transport-security:
      - max-age=31536000; includeSubDomains
      transfer-encoding:
      - chunked
      vary:
      - Accept-Encoding
      x-content-type-options:
      - nosniff
      x-powered-by:
      - ASP.NET
    status:
      code: 200
      message: OK
- request:
    body: null
    headers:
      Accept:
      - application/json
      Accept-Encoding:
      - gzip, deflate
      CommandName:
      - netappfiles volume create
      Connection:
      - keep-alive
      ParameterSetName:
      - --resource-group --account-name --pool-name --volume-name -l --service-level
        --usage-threshold --file-path --vnet --subnet
      User-Agent:
      - python/3.8.7 (macOS-11.0.1-x86_64-i386-64bit) msrest/0.6.18 msrest_azure/0.6.3
        azure-mgmt-netapp/0.16.0 Azure-SDK-For-Python AZURECLI/2.18.0
    method: GET
    uri: https://management.azure.com/subscriptions/00000000-0000-0000-0000-000000000000/providers/Microsoft.NetApp/locations/westus2/operationResults/f2251120-ea46-40d3-812a-c1e699da9abc?api-version=2020-11-01
  response:
    body:
      string: '{"id":"/subscriptions/00000000-0000-0000-0000-000000000000/providers/Microsoft.NetApp/locations/westus2/operationResults/f2251120-ea46-40d3-812a-c1e699da9abc","name":"f2251120-ea46-40d3-812a-c1e699da9abc","status":"Creating","startTime":"2021-02-25T11:49:30.4737412Z","endTime":"0001-01-01T00:00:00Z","percentComplete":0.0,"properties":{"resourceName":"/subscriptions/00000000-0000-0000-0000-000000000000/resourceGroups/cli_netappfiles_test_snap_000001/providers/Microsoft.NetApp/netAppAccounts/cli-acc-000002/capacityPools/cli-pool-000003/volumes/cli-vol-000004"}}'
    headers:
      access-control-expose-headers:
      - Request-Context
      cache-control:
      - no-cache
      content-length:
      - '637'
      content-type:
      - application/json; charset=utf-8
      date:
      - Thu, 25 Feb 2021 11:51:04 GMT
      expires:
      - '-1'
      pragma:
      - no-cache
      request-context:
      - appId=cid-v1:2c4cb680-0a1f-424d-bb8d-8e650ba68d53
      server:
      - Microsoft-IIS/10.0
      strict-transport-security:
      - max-age=31536000; includeSubDomains
      transfer-encoding:
      - chunked
      vary:
      - Accept-Encoding
      x-content-type-options:
      - nosniff
      x-powered-by:
      - ASP.NET
    status:
      code: 200
      message: OK
- request:
    body: null
    headers:
      Accept:
      - application/json
      Accept-Encoding:
      - gzip, deflate
      CommandName:
      - netappfiles volume create
      Connection:
      - keep-alive
      ParameterSetName:
      - --resource-group --account-name --pool-name --volume-name -l --service-level
        --usage-threshold --file-path --vnet --subnet
      User-Agent:
      - python/3.8.7 (macOS-11.0.1-x86_64-i386-64bit) msrest/0.6.18 msrest_azure/0.6.3
        azure-mgmt-netapp/0.16.0 Azure-SDK-For-Python AZURECLI/2.18.0
    method: GET
    uri: https://management.azure.com/subscriptions/00000000-0000-0000-0000-000000000000/providers/Microsoft.NetApp/locations/westus2/operationResults/f2251120-ea46-40d3-812a-c1e699da9abc?api-version=2020-11-01
  response:
    body:
      string: '{"id":"/subscriptions/00000000-0000-0000-0000-000000000000/providers/Microsoft.NetApp/locations/westus2/operationResults/f2251120-ea46-40d3-812a-c1e699da9abc","name":"f2251120-ea46-40d3-812a-c1e699da9abc","status":"Creating","startTime":"2021-02-25T11:49:30.4737412Z","endTime":"0001-01-01T00:00:00Z","percentComplete":0.0,"properties":{"resourceName":"/subscriptions/00000000-0000-0000-0000-000000000000/resourceGroups/cli_netappfiles_test_snap_000001/providers/Microsoft.NetApp/netAppAccounts/cli-acc-000002/capacityPools/cli-pool-000003/volumes/cli-vol-000004"}}'
    headers:
      access-control-expose-headers:
      - Request-Context
      cache-control:
      - no-cache
      content-length:
      - '637'
      content-type:
      - application/json; charset=utf-8
      date:
      - Thu, 25 Feb 2021 11:51:35 GMT
      expires:
      - '-1'
      pragma:
      - no-cache
      request-context:
      - appId=cid-v1:2c4cb680-0a1f-424d-bb8d-8e650ba68d53
      server:
      - Microsoft-IIS/10.0
      strict-transport-security:
      - max-age=31536000; includeSubDomains
      transfer-encoding:
      - chunked
      vary:
      - Accept-Encoding
      x-content-type-options:
      - nosniff
      x-powered-by:
      - ASP.NET
    status:
      code: 200
      message: OK
- request:
    body: null
    headers:
      Accept:
      - application/json
      Accept-Encoding:
      - gzip, deflate
      CommandName:
      - netappfiles volume create
      Connection:
      - keep-alive
      ParameterSetName:
      - --resource-group --account-name --pool-name --volume-name -l --service-level
        --usage-threshold --file-path --vnet --subnet
      User-Agent:
      - python/3.8.7 (macOS-11.0.1-x86_64-i386-64bit) msrest/0.6.18 msrest_azure/0.6.3
        azure-mgmt-netapp/0.16.0 Azure-SDK-For-Python AZURECLI/2.18.0
    method: GET
    uri: https://management.azure.com/subscriptions/00000000-0000-0000-0000-000000000000/providers/Microsoft.NetApp/locations/westus2/operationResults/f2251120-ea46-40d3-812a-c1e699da9abc?api-version=2020-11-01
  response:
    body:
      string: '{"id":"/subscriptions/00000000-0000-0000-0000-000000000000/providers/Microsoft.NetApp/locations/westus2/operationResults/f2251120-ea46-40d3-812a-c1e699da9abc","name":"f2251120-ea46-40d3-812a-c1e699da9abc","status":"Creating","startTime":"2021-02-25T11:49:30.4737412Z","endTime":"0001-01-01T00:00:00Z","percentComplete":0.0,"properties":{"resourceName":"/subscriptions/00000000-0000-0000-0000-000000000000/resourceGroups/cli_netappfiles_test_snap_000001/providers/Microsoft.NetApp/netAppAccounts/cli-acc-000002/capacityPools/cli-pool-000003/volumes/cli-vol-000004"}}'
    headers:
      access-control-expose-headers:
      - Request-Context
      cache-control:
      - no-cache
      content-length:
      - '637'
      content-type:
      - application/json; charset=utf-8
      date:
      - Thu, 25 Feb 2021 11:52:05 GMT
      expires:
      - '-1'
      pragma:
      - no-cache
      request-context:
      - appId=cid-v1:2c4cb680-0a1f-424d-bb8d-8e650ba68d53
      server:
      - Microsoft-IIS/10.0
      strict-transport-security:
      - max-age=31536000; includeSubDomains
      transfer-encoding:
      - chunked
      vary:
      - Accept-Encoding
      x-content-type-options:
      - nosniff
      x-powered-by:
      - ASP.NET
    status:
      code: 200
      message: OK
- request:
    body: null
    headers:
      Accept:
      - application/json
      Accept-Encoding:
      - gzip, deflate
      CommandName:
      - netappfiles volume create
      Connection:
      - keep-alive
      ParameterSetName:
      - --resource-group --account-name --pool-name --volume-name -l --service-level
        --usage-threshold --file-path --vnet --subnet
      User-Agent:
      - python/3.8.7 (macOS-11.0.1-x86_64-i386-64bit) msrest/0.6.18 msrest_azure/0.6.3
        azure-mgmt-netapp/0.16.0 Azure-SDK-For-Python AZURECLI/2.18.0
    method: GET
    uri: https://management.azure.com/subscriptions/00000000-0000-0000-0000-000000000000/providers/Microsoft.NetApp/locations/westus2/operationResults/f2251120-ea46-40d3-812a-c1e699da9abc?api-version=2020-11-01
  response:
    body:
      string: '{"id":"/subscriptions/00000000-0000-0000-0000-000000000000/providers/Microsoft.NetApp/locations/westus2/operationResults/f2251120-ea46-40d3-812a-c1e699da9abc","name":"f2251120-ea46-40d3-812a-c1e699da9abc","status":"Succeeded","startTime":"2021-02-25T11:49:30.4737412Z","endTime":"2021-02-25T11:52:33.0637838Z","percentComplete":100.0,"properties":{"resourceName":"/subscriptions/00000000-0000-0000-0000-000000000000/resourceGroups/cli_netappfiles_test_snap_000001/providers/Microsoft.NetApp/netAppAccounts/cli-acc-000002/capacityPools/cli-pool-000003/volumes/cli-vol-000004"}}'
    headers:
      access-control-expose-headers:
      - Request-Context
      cache-control:
      - no-cache
      content-length:
      - '648'
      content-type:
      - application/json; charset=utf-8
      date:
      - Thu, 25 Feb 2021 11:52:36 GMT
      expires:
      - '-1'
      pragma:
      - no-cache
      request-context:
      - appId=cid-v1:2c4cb680-0a1f-424d-bb8d-8e650ba68d53
      server:
      - Microsoft-IIS/10.0
      strict-transport-security:
      - max-age=31536000; includeSubDomains
      transfer-encoding:
      - chunked
      vary:
      - Accept-Encoding
      x-content-type-options:
      - nosniff
      x-powered-by:
      - ASP.NET
    status:
      code: 200
      message: OK
- request:
    body: null
    headers:
      Accept:
      - application/json
      Accept-Encoding:
      - gzip, deflate
      CommandName:
      - netappfiles volume create
      Connection:
      - keep-alive
      ParameterSetName:
      - --resource-group --account-name --pool-name --volume-name -l --service-level
        --usage-threshold --file-path --vnet --subnet
      User-Agent:
      - python/3.8.7 (macOS-11.0.1-x86_64-i386-64bit) msrest/0.6.18 msrest_azure/0.6.3
        azure-mgmt-netapp/0.16.0 Azure-SDK-For-Python AZURECLI/2.18.0
    method: GET
    uri: https://management.azure.com/subscriptions/00000000-0000-0000-0000-000000000000/resourceGroups/cli_netappfiles_test_snap_000001/providers/Microsoft.NetApp/netAppAccounts/cli-acc-000002/capacityPools/cli-pool-000003/volumes/cli-vol-000004?api-version=2020-11-01
  response:
    body:
      string: '{"id":"/subscriptions/00000000-0000-0000-0000-000000000000/resourceGroups/cli_netappfiles_test_snap_000001/providers/Microsoft.NetApp/netAppAccounts/cli-acc-000002/capacityPools/cli-pool-000003/volumes/cli-vol-000004","name":"cli-acc-000002/cli-pool-000003/cli-vol-000004","type":"Microsoft.NetApp/netAppAccounts/capacityPools/volumes","etag":"W/\"datetime''2021-02-25T11%3A52%3A33.0591964Z''\"","location":"westus2","properties":{"mountTargets":[{"mountTargetId":"79367425-b011-e8a4-39f3-0ea42fd6ab36","fileSystemId":"79367425-b011-e8a4-39f3-0ea42fd6ab36","ipAddress":"10.5.0.4","smbServerFQDN":""}],"throughputMibps":6.4,"provisioningState":"Succeeded","fileSystemId":"79367425-b011-e8a4-39f3-0ea42fd6ab36","name":"cli-vol-000004","serviceLevel":"Premium","creationToken":"cli-vol-000004","usageThreshold":107374182400,"exportPolicy":{"rules":[{"ruleIndex":1,"unixReadOnly":false,"unixReadWrite":true,"cifs":false,"nfsv3":true,"nfsv41":false,"allowedClients":"0.0.0.0/0","kerberos5ReadOnly":false,"kerberos5ReadWrite":false,"kerberos5iReadOnly":false,"kerberos5iReadWrite":false,"kerberos5pReadOnly":false,"kerberos5pReadWrite":false,"hasRootAccess":true}]},"protocolTypes":["NFSv3"],"baremetalTenantId":"baremetalTenant_svm_8f82c7b40509489d9e97d719b9b955b4_49a36370","subnetId":"/subscriptions/00000000-0000-0000-0000-000000000000/resourceGroups/cli_netappfiles_test_snap_000001/providers/Microsoft.Network/virtualNetworks/cli-vnet-lefr-02/subnets/cli-subnet-lefr-02","snapshotDirectoryVisible":true,"kerberosEnabled":false,"securityStyle":"Unix","smbEncryption":false,"smbContinuouslyAvailable":false,"encryptionKeySource":"Microsoft.NetApp"}}'
    headers:
      access-control-expose-headers:
      - Request-Context
      cache-control:
      - no-cache
      content-length:
      - '1809'
      content-type:
      - application/json; charset=utf-8
      date:
      - Thu, 25 Feb 2021 11:52:36 GMT
      etag:
      - W/"datetime'2021-02-25T11%3A52%3A33.0591964Z'"
      expires:
      - '-1'
      pragma:
      - no-cache
      request-context:
      - appId=cid-v1:2c4cb680-0a1f-424d-bb8d-8e650ba68d53
      server:
      - Microsoft-IIS/10.0
      strict-transport-security:
      - max-age=31536000; includeSubDomains
      transfer-encoding:
      - chunked
      vary:
      - Accept-Encoding
      x-content-type-options:
      - nosniff
      x-powered-by:
      - ASP.NET
    status:
      code: 200
      message: OK
- request:
    body: '{"location": "westus2"}'
    headers:
      Accept:
      - application/json
      Accept-Encoding:
      - gzip, deflate
      CommandName:
      - netappfiles snapshot create
      Connection:
      - keep-alive
      Content-Length:
      - '23'
      Content-Type:
      - application/json; charset=utf-8
      ParameterSetName:
      - -g -a -p -v -s -l
      User-Agent:
      - python/3.8.7 (macOS-11.0.1-x86_64-i386-64bit) msrest/0.6.18 msrest_azure/0.6.3
        azure-mgmt-netapp/0.16.0 Azure-SDK-For-Python AZURECLI/2.18.0
      accept-language:
      - en-US
    method: PUT
    uri: https://management.azure.com/subscriptions/00000000-0000-0000-0000-000000000000/resourceGroups/cli_netappfiles_test_snap_000001/providers/Microsoft.NetApp/netAppAccounts/cli-acc-000002/capacityPools/cli-pool-000003/volumes/cli-vol-000004/snapshots/cli-sn-000006?api-version=2020-11-01
  response:
    body:
      string: '{"id":"/subscriptions/00000000-0000-0000-0000-000000000000/resourceGroups/cli_netappfiles_test_snap_000001/providers/Microsoft.NetApp/netAppAccounts/cli-acc-000002/capacityPools/cli-pool-000003/volumes/cli-vol-000004/snapshots/cli-sn-000006","name":"cli-acc-000002/cli-pool-000003/cli-vol-000004/cli-sn-000006","type":"Microsoft.NetApp/netAppAccounts/capacityPools/volumes/snapshots","location":"westus2","properties":{"provisioningState":"Creating","name":"cli-sn-000006"}}'
    headers:
      access-control-expose-headers:
      - Request-Context
      azure-asyncoperation:
      - https://management.azure.com/subscriptions/00000000-0000-0000-0000-000000000000/providers/Microsoft.NetApp/locations/westus2/operationResults/e0261980-5980-4721-9794-60a2d88f0b21?api-version=2020-11-01
      cache-control:
      - no-cache
      content-length:
      - '608'
      content-type:
      - application/json; charset=utf-8
      date:
      - Thu, 25 Feb 2021 11:52:39 GMT
      expires:
      - '-1'
      location:
      - https://management.azure.com/subscriptions/00000000-0000-0000-0000-000000000000/providers/Microsoft.NetApp/locations/westus2/operationResults/e0261980-5980-4721-9794-60a2d88f0b21?api-version=2020-11-01&operationResultResponseType=Location
      pragma:
      - no-cache
      request-context:
      - appId=cid-v1:2c4cb680-0a1f-424d-bb8d-8e650ba68d53
      server:
      - Microsoft-IIS/10.0
      strict-transport-security:
      - max-age=31536000; includeSubDomains
      x-content-type-options:
      - nosniff
      x-ms-ratelimit-remaining-subscription-writes:
      - '1197'
      x-powered-by:
      - ASP.NET
    status:
      code: 201
      message: Created
- request:
    body: null
    headers:
      Accept:
      - application/json
      Accept-Encoding:
      - gzip, deflate
      CommandName:
      - netappfiles snapshot create
      Connection:
      - keep-alive
      ParameterSetName:
      - -g -a -p -v -s -l
      User-Agent:
      - python/3.8.7 (macOS-11.0.1-x86_64-i386-64bit) msrest/0.6.18 msrest_azure/0.6.3
        azure-mgmt-netapp/0.16.0 Azure-SDK-For-Python AZURECLI/2.18.0
    method: GET
    uri: https://management.azure.com/subscriptions/00000000-0000-0000-0000-000000000000/providers/Microsoft.NetApp/locations/westus2/operationResults/e0261980-5980-4721-9794-60a2d88f0b21?api-version=2020-11-01
  response:
    body:
      string: '{"id":"/subscriptions/00000000-0000-0000-0000-000000000000/providers/Microsoft.NetApp/locations/westus2/operationResults/e0261980-5980-4721-9794-60a2d88f0b21","name":"e0261980-5980-4721-9794-60a2d88f0b21","status":"Succeeded","startTime":"2021-02-25T11:52:39.2122122Z","endTime":"2021-02-25T11:52:41.3730972Z","percentComplete":100.0,"properties":{"resourceName":"/subscriptions/00000000-0000-0000-0000-000000000000/resourceGroups/cli_netappfiles_test_snap_000001/providers/Microsoft.NetApp/netAppAccounts/cli-acc-000002/capacityPools/cli-pool-000003/volumes/cli-vol-000004/snapshots/cli-sn-000006"}}'
    headers:
      access-control-expose-headers:
      - Request-Context
      cache-control:
      - no-cache
      content-length:
      - '683'
      content-type:
      - application/json; charset=utf-8
      date:
      - Thu, 25 Feb 2021 11:53:10 GMT
      expires:
      - '-1'
      pragma:
      - no-cache
      request-context:
      - appId=cid-v1:2c4cb680-0a1f-424d-bb8d-8e650ba68d53
      server:
      - Microsoft-IIS/10.0
      strict-transport-security:
      - max-age=31536000; includeSubDomains
      transfer-encoding:
      - chunked
      vary:
      - Accept-Encoding
      x-content-type-options:
      - nosniff
      x-powered-by:
      - ASP.NET
    status:
      code: 200
      message: OK
- request:
    body: null
    headers:
      Accept:
      - application/json
      Accept-Encoding:
      - gzip, deflate
      CommandName:
      - netappfiles snapshot create
      Connection:
      - keep-alive
      ParameterSetName:
      - -g -a -p -v -s -l
      User-Agent:
      - python/3.8.7 (macOS-11.0.1-x86_64-i386-64bit) msrest/0.6.18 msrest_azure/0.6.3
        azure-mgmt-netapp/0.16.0 Azure-SDK-For-Python AZURECLI/2.18.0
    method: GET
    uri: https://management.azure.com/subscriptions/00000000-0000-0000-0000-000000000000/resourceGroups/cli_netappfiles_test_snap_000001/providers/Microsoft.NetApp/netAppAccounts/cli-acc-000002/capacityPools/cli-pool-000003/volumes/cli-vol-000004/snapshots/cli-sn-000006?api-version=2020-11-01
  response:
    body:
      string: '{"id":"/subscriptions/00000000-0000-0000-0000-000000000000/resourceGroups/cli_netappfiles_test_snap_000001/providers/Microsoft.NetApp/netAppAccounts/cli-acc-000002/capacityPools/cli-pool-000003/volumes/cli-vol-000004/snapshots/cli-sn-000006","name":"cli-acc-000002/cli-pool-000003/cli-vol-000004/cli-sn-000006","type":"Microsoft.NetApp/netAppAccounts/capacityPools/volumes/snapshots","location":"westus2","properties":{"provisioningState":"Succeeded","snapshotId":"b13fa2b4-88a6-8cbc-14dc-79d6ebb388de","name":"cli-sn-000006","created":"2021-02-25T11:52:39Z"}}'
    headers:
      access-control-expose-headers:
      - Request-Context
      cache-control:
      - no-cache
      content-length:
      - '694'
      content-type:
      - application/json; charset=utf-8
      date:
      - Thu, 25 Feb 2021 11:53:11 GMT
      expires:
      - '-1'
      pragma:
      - no-cache
      request-context:
      - appId=cid-v1:2c4cb680-0a1f-424d-bb8d-8e650ba68d53
      server:
      - Microsoft-IIS/10.0
      strict-transport-security:
      - max-age=31536000; includeSubDomains
      transfer-encoding:
      - chunked
      vary:
      - Accept-Encoding
      x-content-type-options:
      - nosniff
      x-powered-by:
      - ASP.NET
    status:
      code: 200
      message: OK
- request:
    body: null
    headers:
      Accept:
      - application/json
      Accept-Encoding:
      - gzip, deflate
      CommandName:
      - netappfiles snapshot list
      Connection:
      - keep-alive
      ParameterSetName:
      - --resource-group --account-name --pool-name --volume-name
      User-Agent:
      - python/3.8.7 (macOS-11.0.1-x86_64-i386-64bit) msrest/0.6.18 msrest_azure/0.6.3
        azure-mgmt-netapp/0.16.0 Azure-SDK-For-Python AZURECLI/2.18.0
      accept-language:
      - en-US
    method: GET
    uri: https://management.azure.com/subscriptions/00000000-0000-0000-0000-000000000000/resourceGroups/cli_netappfiles_test_snap_000001/providers/Microsoft.NetApp/netAppAccounts/cli-acc-000002/capacityPools/cli-pool-000003/volumes/cli-vol-000004/snapshots?api-version=2020-11-01
  response:
    body:
      string: '{"value":[{"id":"/subscriptions/00000000-0000-0000-0000-000000000000/resourceGroups/cli_netappfiles_test_snap_000001/providers/Microsoft.NetApp/netAppAccounts/cli-acc-000002/capacityPools/cli-pool-000003/volumes/cli-vol-000004/snapshots/cli-sn-000006","name":"cli-acc-000002/cli-pool-000003/cli-vol-000004/cli-sn-000006","type":"Microsoft.NetApp/netAppAccounts/capacityPools/volumes/snapshots","location":"westus2","properties":{"provisioningState":"Succeeded","snapshotId":"b13fa2b4-88a6-8cbc-14dc-79d6ebb388de","fileSystemId":"79367425-b011-e8a4-39f3-0ea42fd6ab36","name":"cli-sn-000006","created":"2021-02-25T11:52:39Z"}}]}'
    headers:
      access-control-expose-headers:
      - Request-Context
      cache-control:
      - no-cache
      content-length:
      - '760'
      content-type:
      - application/json; charset=utf-8
      date:
      - Thu, 25 Feb 2021 11:53:13 GMT
      expires:
      - '-1'
      pragma:
      - no-cache
      request-context:
      - appId=cid-v1:2c4cb680-0a1f-424d-bb8d-8e650ba68d53
      server:
      - Microsoft-IIS/10.0
      strict-transport-security:
      - max-age=31536000; includeSubDomains
      transfer-encoding:
      - chunked
      vary:
      - Accept-Encoding
      x-content-type-options:
      - nosniff
      x-powered-by:
      - ASP.NET
    status:
      code: 200
      message: OK
- request:
    body: null
    headers:
      Accept:
      - application/json
      Accept-Encoding:
      - gzip, deflate
      CommandName:
      - netappfiles snapshot show
      Connection:
      - keep-alive
      ParameterSetName:
      - -g -a -p -v -s
      User-Agent:
      - python/3.8.7 (macOS-11.0.1-x86_64-i386-64bit) msrest/0.6.18 msrest_azure/0.6.3
        azure-mgmt-netapp/0.16.0 Azure-SDK-For-Python AZURECLI/2.18.0
      accept-language:
      - en-US
    method: GET
    uri: https://management.azure.com/subscriptions/00000000-0000-0000-0000-000000000000/resourceGroups/cli_netappfiles_test_snap_000001/providers/Microsoft.NetApp/netAppAccounts/cli-acc-000002/capacityPools/cli-pool-000003/volumes/cli-vol-000004/snapshots/cli-sn-000006?api-version=2020-11-01
  response:
    body:
      string: '{"id":"/subscriptions/00000000-0000-0000-0000-000000000000/resourceGroups/cli_netappfiles_test_snap_000001/providers/Microsoft.NetApp/netAppAccounts/cli-acc-000002/capacityPools/cli-pool-000003/volumes/cli-vol-000004/snapshots/cli-sn-000006","name":"cli-acc-000002/cli-pool-000003/cli-vol-000004/cli-sn-000006","type":"Microsoft.NetApp/netAppAccounts/capacityPools/volumes/snapshots","location":"westus2","properties":{"provisioningState":"Succeeded","snapshotId":"b13fa2b4-88a6-8cbc-14dc-79d6ebb388de","name":"cli-sn-000006","created":"2021-02-25T11:52:39Z"}}'
    headers:
      access-control-expose-headers:
      - Request-Context
      cache-control:
      - no-cache
      content-length:
      - '694'
      content-type:
      - application/json; charset=utf-8
      date:
      - Thu, 25 Feb 2021 11:53:15 GMT
      expires:
      - '-1'
      pragma:
      - no-cache
      request-context:
      - appId=cid-v1:2c4cb680-0a1f-424d-bb8d-8e650ba68d53
      server:
      - Microsoft-IIS/10.0
      strict-transport-security:
      - max-age=31536000; includeSubDomains
      transfer-encoding:
      - chunked
      vary:
      - Accept-Encoding
      x-content-type-options:
      - nosniff
      x-powered-by:
      - ASP.NET
    status:
      code: 200
      message: OK
- request:
    body: '{"location": "westus2", "properties": {"creationToken": "cli-sn-2000007",
      "serviceLevel": "Premium", "usageThreshold": 107374182400, "snapshotId": "b13fa2b4-88a6-8cbc-14dc-79d6ebb388de",
      "subnetId": "/subscriptions/00000000-0000-0000-0000-000000000000/resourceGroups/cli_netappfiles_test_snap_000001/providers/Microsoft.Network/virtualNetworks/cli-vnet-lefr-02/subnets/cli-subnet-lefr-02"}}'
    headers:
      Accept:
      - application/json
      Accept-Encoding:
      - gzip, deflate
      CommandName:
      - netappfiles volume create
      Connection:
      - keep-alive
      Content-Length:
      - '443'
      Content-Type:
      - application/json; charset=utf-8
      ParameterSetName:
      - --resource-group --account-name --pool-name --volume-name -l --service-level
        --usage-threshold --file-path --vnet --subnet --snapshot-id
      User-Agent:
      - python/3.8.7 (macOS-11.0.1-x86_64-i386-64bit) msrest/0.6.18 msrest_azure/0.6.3
        azure-mgmt-netapp/0.16.0 Azure-SDK-For-Python AZURECLI/2.18.0
      accept-language:
      - en-US
    method: PUT
    uri: https://management.azure.com/subscriptions/00000000-0000-0000-0000-000000000000/resourceGroups/cli_netappfiles_test_snap_000001/providers/Microsoft.NetApp/netAppAccounts/cli-acc-000002/capacityPools/cli-pool-000003/volumes/cli-sn-2000007?api-version=2020-11-01
  response:
    body:
      string: '{"id":"/subscriptions/00000000-0000-0000-0000-000000000000/resourceGroups/cli_netappfiles_test_snap_000001/providers/Microsoft.NetApp/netAppAccounts/cli-acc-000002/capacityPools/cli-pool-000003/volumes/cli-sn-2000007","name":"cli-acc-000002/cli-pool-000003/cli-sn-2000007","type":"Microsoft.NetApp/netAppAccounts/capacityPools/volumes","etag":"W/\"datetime''2021-02-25T11%3A53%3A23.069501Z''\"","location":"westus2","properties":{"serviceLevel":"Premium","creationToken":"cli-sn-2000007","usageThreshold":107374182400,"snapshotId":"b13fa2b4-88a6-8cbc-14dc-79d6ebb388de","subnetId":"/subscriptions/00000000-0000-0000-0000-000000000000/resourceGroups/cli_netappfiles_test_snap_000001/providers/Microsoft.Network/virtualNetworks/cli-vnet-lefr-02/subnets/cli-subnet-lefr-02","provisioningState":"Creating"}}'
    headers:
      access-control-expose-headers:
      - Request-Context
      azure-asyncoperation:
      - https://management.azure.com/subscriptions/00000000-0000-0000-0000-000000000000/providers/Microsoft.NetApp/locations/westus2/operationResults/522b4578-0a28-440a-a767-21544c936809?api-version=2020-11-01
      cache-control:
      - no-cache
      content-length:
      - '955'
      content-type:
      - application/json; charset=utf-8
      date:
      - Thu, 25 Feb 2021 11:53:24 GMT
      etag:
      - W/"datetime'2021-02-25T11%3A53%3A23.069501Z'"
      expires:
      - '-1'
      pragma:
      - no-cache
      request-context:
      - appId=cid-v1:2c4cb680-0a1f-424d-bb8d-8e650ba68d53
      server:
      - Microsoft-IIS/10.0
      strict-transport-security:
      - max-age=31536000; includeSubDomains
      x-content-type-options:
      - nosniff
      x-ms-ratelimit-remaining-subscription-writes:
      - '1199'
      x-powered-by:
      - ASP.NET
    status:
      code: 201
      message: Created
- request:
    body: null
    headers:
      Accept:
      - application/json
      Accept-Encoding:
      - gzip, deflate
      CommandName:
      - netappfiles volume create
      Connection:
      - keep-alive
      ParameterSetName:
      - --resource-group --account-name --pool-name --volume-name -l --service-level
        --usage-threshold --file-path --vnet --subnet --snapshot-id
      User-Agent:
      - python/3.8.7 (macOS-11.0.1-x86_64-i386-64bit) msrest/0.6.18 msrest_azure/0.6.3
        azure-mgmt-netapp/0.16.0 Azure-SDK-For-Python AZURECLI/2.18.0
    method: GET
    uri: https://management.azure.com/subscriptions/00000000-0000-0000-0000-000000000000/providers/Microsoft.NetApp/locations/westus2/operationResults/522b4578-0a28-440a-a767-21544c936809?api-version=2020-11-01
  response:
    body:
      string: '{"id":"/subscriptions/00000000-0000-0000-0000-000000000000/providers/Microsoft.NetApp/locations/westus2/operationResults/522b4578-0a28-440a-a767-21544c936809","name":"522b4578-0a28-440a-a767-21544c936809","status":"Succeeded","startTime":"2021-02-25T11:53:23.0116058Z","endTime":"2021-02-25T11:53:35.2568716Z","percentComplete":100.0,"properties":{"resourceName":"/subscriptions/00000000-0000-0000-0000-000000000000/resourceGroups/cli_netappfiles_test_snap_000001/providers/Microsoft.NetApp/netAppAccounts/cli-acc-000002/capacityPools/cli-pool-000003/volumes/cli-sn-2000007"}}'
    headers:
      access-control-expose-headers:
      - Request-Context
      cache-control:
      - no-cache
      content-length:
      - '648'
      content-type:
      - application/json; charset=utf-8
      date:
      - Thu, 25 Feb 2021 11:53:55 GMT
      expires:
      - '-1'
      pragma:
      - no-cache
      request-context:
      - appId=cid-v1:2c4cb680-0a1f-424d-bb8d-8e650ba68d53
      server:
      - Microsoft-IIS/10.0
      strict-transport-security:
      - max-age=31536000; includeSubDomains
      transfer-encoding:
      - chunked
      vary:
      - Accept-Encoding
      x-content-type-options:
      - nosniff
      x-powered-by:
      - ASP.NET
    status:
      code: 200
      message: OK
- request:
    body: null
    headers:
      Accept:
      - application/json
      Accept-Encoding:
      - gzip, deflate
      CommandName:
      - netappfiles volume create
      Connection:
      - keep-alive
      ParameterSetName:
      - --resource-group --account-name --pool-name --volume-name -l --service-level
        --usage-threshold --file-path --vnet --subnet --snapshot-id
      User-Agent:
      - python/3.8.7 (macOS-11.0.1-x86_64-i386-64bit) msrest/0.6.18 msrest_azure/0.6.3
        azure-mgmt-netapp/0.16.0 Azure-SDK-For-Python AZURECLI/2.18.0
    method: GET
    uri: https://management.azure.com/subscriptions/00000000-0000-0000-0000-000000000000/resourceGroups/cli_netappfiles_test_snap_000001/providers/Microsoft.NetApp/netAppAccounts/cli-acc-000002/capacityPools/cli-pool-000003/volumes/cli-sn-2000007?api-version=2020-11-01
  response:
    body:
      string: '{"id":"/subscriptions/00000000-0000-0000-0000-000000000000/resourceGroups/cli_netappfiles_test_snap_000001/providers/Microsoft.NetApp/netAppAccounts/cli-acc-000002/capacityPools/cli-pool-000003/volumes/cli-sn-2000007","name":"cli-acc-000002/cli-pool-000003/cli-sn-2000007","type":"Microsoft.NetApp/netAppAccounts/capacityPools/volumes","etag":"W/\"datetime''2021-02-25T11%3A53%3A35.2491401Z''\"","location":"westus2","properties":{"mountTargets":[{"mountTargetId":"949d586f-7e54-426f-e4b9-8b3989c46fe2","fileSystemId":"949d586f-7e54-426f-e4b9-8b3989c46fe2","ipAddress":"10.5.0.4","smbServerFQDN":""}],"throughputMibps":6.4,"provisioningState":"Succeeded","fileSystemId":"949d586f-7e54-426f-e4b9-8b3989c46fe2","name":"cli-sn-2000007","serviceLevel":"Premium","creationToken":"cli-sn-2000007","usageThreshold":107374182400,"exportPolicy":{"rules":[{"ruleIndex":1,"unixReadOnly":false,"unixReadWrite":true,"cifs":false,"nfsv3":true,"nfsv41":false,"allowedClients":"0.0.0.0/0","kerberos5ReadOnly":false,"kerberos5ReadWrite":false,"kerberos5iReadOnly":false,"kerberos5iReadWrite":false,"kerberos5pReadOnly":false,"kerberos5pReadWrite":false,"hasRootAccess":true}]},"protocolTypes":["NFSv3"],"baremetalTenantId":"baremetalTenant_svm_8f82c7b40509489d9e97d719b9b955b4_49a36370","subnetId":"/subscriptions/00000000-0000-0000-0000-000000000000/resourceGroups/cli_netappfiles_test_snap_000001/providers/Microsoft.Network/virtualNetworks/cli-vnet-lefr-02/subnets/cli-subnet-lefr-02","snapshotDirectoryVisible":true,"kerberosEnabled":false,"securityStyle":"Unix","smbEncryption":false,"smbContinuouslyAvailable":false,"encryptionKeySource":"Microsoft.NetApp"}}'
    headers:
      access-control-expose-headers:
      - Request-Context
      cache-control:
      - no-cache
      content-length:
      - '1809'
      content-type:
      - application/json; charset=utf-8
      date:
      - Thu, 25 Feb 2021 11:53:56 GMT
      etag:
      - W/"datetime'2021-02-25T11%3A53%3A35.2491401Z'"
      expires:
      - '-1'
      pragma:
      - no-cache
      request-context:
      - appId=cid-v1:2c4cb680-0a1f-424d-bb8d-8e650ba68d53
      server:
      - Microsoft-IIS/10.0
      strict-transport-security:
      - max-age=31536000; includeSubDomains
      transfer-encoding:
      - chunked
      vary:
      - Accept-Encoding
      x-content-type-options:
      - nosniff
      x-powered-by:
      - ASP.NET
    status:
      code: 200
      message: OK
version: 1
