interactions:
- request:
    body: '{"location": "westus2", "tags": {"Tag1": "Value1", "Tag2": "Value2"}, "properties":
      {"encryption": {}}}'
    headers:
      Accept:
      - application/json
      Accept-Encoding:
      - gzip, deflate
      CommandName:
      - netappfiles account create
      Connection:
      - keep-alive
      Content-Length:
      - '103'
      Content-Type:
      - application/json
      ParameterSetName:
      - --resource-group --account-name -l --tags
      User-Agent:
      - AZURECLI/2.20.0 azsdk-python-mgmt-netapp/1.0.0 Python/3.8.7 (macOS-11.0.1-x86_64-i386-64bit)
    method: PUT
    uri: https://management.azure.com/subscriptions/00000000-0000-0000-0000-000000000000/resourceGroups/cli_netappfiles_test_account_000001/providers/Microsoft.NetApp/netAppAccounts/cli000002?api-version=2020-12-01
  response:
    body:
      string: '{"id":"/subscriptions/00000000-0000-0000-0000-000000000000/resourceGroups/cli_netappfiles_test_account_000001/providers/Microsoft.NetApp/netAppAccounts/cli000002","name":"cli000002","type":"Microsoft.NetApp/netAppAccounts","etag":"W/\"datetime''2021-03-02T15%3A32%3A39.0638602Z''\"","location":"westus2","tags":{"Tag1":"Value1","Tag2":"Value2"},"properties":{"encryption":{},"provisioningState":"Creating"}}'
    headers:
      access-control-expose-headers:
      - Request-Context
      azure-asyncoperation:
      - https://management.azure.com/subscriptions/00000000-0000-0000-0000-000000000000/providers/Microsoft.NetApp/locations/westus2/operationResults/df1e2b84-a136-4291-89ae-89a6476cf99c?api-version=2020-12-01
      cache-control:
      - no-cache
      content-length:
      - '475'
      content-type:
      - application/json; charset=utf-8
      date:
      - Tue, 02 Mar 2021 15:32:40 GMT
      etag:
      - W/"datetime'2021-03-02T15%3A32%3A39.0638602Z'"
      expires:
      - '-1'
      pragma:
      - no-cache
      request-context:
      - appId=cid-v1:2c4cb680-0a1f-424d-bb8d-8e650ba68d53
      server:
      - Microsoft-IIS/10.0
      strict-transport-security:
      - max-age=31536000; includeSubDomains
      x-content-type-options:
      - nosniff
      x-ms-ratelimit-remaining-subscription-writes:
      - '1199'
      x-powered-by:
      - ASP.NET
    status:
      code: 201
      message: Created
- request:
    body: null
    headers:
      Accept:
      - '*/*'
      Accept-Encoding:
      - gzip, deflate
      CommandName:
      - netappfiles account create
      Connection:
      - keep-alive
      ParameterSetName:
      - --resource-group --account-name -l --tags
      User-Agent:
      - AZURECLI/2.20.0 azsdk-python-mgmt-netapp/1.0.0 Python/3.8.7 (macOS-11.0.1-x86_64-i386-64bit)
    method: GET
    uri: https://management.azure.com/subscriptions/00000000-0000-0000-0000-000000000000/providers/Microsoft.NetApp/locations/westus2/operationResults/df1e2b84-a136-4291-89ae-89a6476cf99c?api-version=2020-12-01
  response:
    body:
      string: '{"id":"/subscriptions/00000000-0000-0000-0000-000000000000/providers/Microsoft.NetApp/locations/westus2/operationResults/df1e2b84-a136-4291-89ae-89a6476cf99c","name":"df1e2b84-a136-4291-89ae-89a6476cf99c","status":"Succeeded","startTime":"2021-03-02T15:32:38.9557031Z","endTime":"2021-03-02T15:32:39.136622Z","percentComplete":100.0,"properties":{"resourceName":"/subscriptions/00000000-0000-0000-0000-000000000000/resourceGroups/cli_netappfiles_test_account_000001/providers/Microsoft.NetApp/netAppAccounts/cli000002"}}'
    headers:
      access-control-expose-headers:
      - Request-Context
      cache-control:
      - no-cache
      content-length:
      - '575'
      content-type:
      - application/json; charset=utf-8
      date:
      - Tue, 02 Mar 2021 15:33:10 GMT
      expires:
      - '-1'
      pragma:
      - no-cache
      request-context:
      - appId=cid-v1:2c4cb680-0a1f-424d-bb8d-8e650ba68d53
      server:
      - Microsoft-IIS/10.0
      strict-transport-security:
      - max-age=31536000; includeSubDomains
      transfer-encoding:
      - chunked
      vary:
      - Accept-Encoding
      x-content-type-options:
      - nosniff
      x-powered-by:
      - ASP.NET
    status:
      code: 200
      message: OK
- request:
    body: null
    headers:
      Accept:
      - '*/*'
      Accept-Encoding:
      - gzip, deflate
      CommandName:
      - netappfiles account create
      Connection:
      - keep-alive
      ParameterSetName:
      - --resource-group --account-name -l --tags
      User-Agent:
      - AZURECLI/2.20.0 azsdk-python-mgmt-netapp/1.0.0 Python/3.8.7 (macOS-11.0.1-x86_64-i386-64bit)
    method: GET
    uri: https://management.azure.com/subscriptions/00000000-0000-0000-0000-000000000000/resourceGroups/cli_netappfiles_test_account_000001/providers/Microsoft.NetApp/netAppAccounts/cli000002?api-version=2020-12-01
  response:
    body:
      string: '{"id":"/subscriptions/00000000-0000-0000-0000-000000000000/resourceGroups/cli_netappfiles_test_account_000001/providers/Microsoft.NetApp/netAppAccounts/cli000002","name":"cli000002","type":"Microsoft.NetApp/netAppAccounts","etag":"W/\"datetime''2021-03-02T15%3A32%3A39.128906Z''\"","location":"westus2","tags":{"Tag1":"Value1","Tag2":"Value2"},"properties":{"provisioningState":"Succeeded","encryption":{}}}'
    headers:
      access-control-expose-headers:
      - Request-Context
      cache-control:
      - no-cache
      content-length:
      - '475'
      content-type:
      - application/json; charset=utf-8
      date:
      - Tue, 02 Mar 2021 15:33:11 GMT
      etag:
      - W/"datetime'2021-03-02T15%3A32%3A39.128906Z'"
      expires:
      - '-1'
      pragma:
      - no-cache
      request-context:
      - appId=cid-v1:2c4cb680-0a1f-424d-bb8d-8e650ba68d53
      server:
      - Microsoft-IIS/10.0
      strict-transport-security:
      - max-age=31536000; includeSubDomains
      transfer-encoding:
      - chunked
      vary:
      - Accept-Encoding
      x-content-type-options:
      - nosniff
      x-powered-by:
      - ASP.NET
    status:
      code: 200
      message: OK
- request:
    body: null
    headers:
      Accept:
      - application/json
      Accept-Encoding:
      - gzip, deflate
      CommandName:
      - netappfiles account list
      Connection:
      - keep-alive
      ParameterSetName:
      - --resource-group
      User-Agent:
      - AZURECLI/2.20.0 azsdk-python-mgmt-netapp/1.0.0 Python/3.8.7 (macOS-11.0.1-x86_64-i386-64bit)
    method: GET
    uri: https://management.azure.com/subscriptions/00000000-0000-0000-0000-000000000000/resourceGroups/cli_netappfiles_test_account_000001/providers/Microsoft.NetApp/netAppAccounts?api-version=2020-12-01
  response:
    body:
      string: '{"value":[{"id":"/subscriptions/00000000-0000-0000-0000-000000000000/resourceGroups/cli_netappfiles_test_account_000001/providers/Microsoft.NetApp/netAppAccounts/cli000002","name":"cli000002","type":"Microsoft.NetApp/netAppAccounts","etag":"W/\"datetime''2021-03-02T15%3A32%3A39.128906Z''\"","location":"westus2","tags":{"Tag1":"Value1","Tag2":"Value2"},"properties":{"provisioningState":"Succeeded","encryption":{}}}]}'
    headers:
      access-control-expose-headers:
      - Request-Context
      cache-control:
      - no-cache
      content-length:
      - '487'
      content-type:
      - application/json; charset=utf-8
      date:
      - Tue, 02 Mar 2021 15:33:13 GMT
      expires:
      - '-1'
      pragma:
      - no-cache
      request-context:
      - appId=cid-v1:2c4cb680-0a1f-424d-bb8d-8e650ba68d53
      server:
      - Microsoft-IIS/10.0
      strict-transport-security:
      - max-age=31536000; includeSubDomains
      transfer-encoding:
      - chunked
      vary:
      - Accept-Encoding
      x-content-type-options:
      - nosniff
      x-powered-by:
      - ASP.NET
    status:
      code: 200
      message: OK
- request:
    body: null
    headers:
      Accept:
      - '*/*'
      Accept-Encoding:
      - gzip, deflate
      CommandName:
      - netappfiles account delete
      Connection:
      - keep-alive
      Content-Length:
      - '0'
      ParameterSetName:
      - --resource-group --account-name
      User-Agent:
      - AZURECLI/2.20.0 azsdk-python-mgmt-netapp/1.0.0 Python/3.8.7 (macOS-11.0.1-x86_64-i386-64bit)
    method: DELETE
    uri: https://management.azure.com/subscriptions/00000000-0000-0000-0000-000000000000/resourceGroups/cli_netappfiles_test_account_000001/providers/Microsoft.NetApp/netAppAccounts/cli000002?api-version=2020-12-01
  response:
    body:
      string: ''
    headers:
      access-control-expose-headers:
      - Request-Context
      azure-asyncoperation:
      - https://management.azure.com/subscriptions/00000000-0000-0000-0000-000000000000/providers/Microsoft.NetApp/locations/westus2/operationResults/eedda082-2d03-480c-9d21-abb15047ab33?api-version=2020-12-01
      cache-control:
      - no-cache
      content-length:
      - '0'
      date:
      - Tue, 02 Mar 2021 15:33:15 GMT
      expires:
      - '-1'
      location:
      - https://management.azure.com/subscriptions/00000000-0000-0000-0000-000000000000/providers/Microsoft.NetApp/locations/westus2/operationResults/eedda082-2d03-480c-9d21-abb15047ab33?api-version=2020-12-01&operationResultResponseType=Location
      pragma:
      - no-cache
      request-context:
      - appId=cid-v1:2c4cb680-0a1f-424d-bb8d-8e650ba68d53
      server:
      - Microsoft-IIS/10.0
      strict-transport-security:
      - max-age=31536000; includeSubDomains
      x-content-type-options:
      - nosniff
      x-ms-ratelimit-remaining-subscription-deletes:
      - '14999'
      x-powered-by:
      - ASP.NET
    status:
      code: 202
      message: Accepted
- request:
    body: null
    headers:
      Accept:
      - '*/*'
      Accept-Encoding:
      - gzip, deflate
      CommandName:
      - netappfiles account delete
      Connection:
      - keep-alive
      ParameterSetName:
      - --resource-group --account-name
      User-Agent:
      - AZURECLI/2.20.0 azsdk-python-mgmt-netapp/1.0.0 Python/3.8.7 (macOS-11.0.1-x86_64-i386-64bit)
    method: GET
    uri: https://management.azure.com/subscriptions/00000000-0000-0000-0000-000000000000/providers/Microsoft.NetApp/locations/westus2/operationResults/eedda082-2d03-480c-9d21-abb15047ab33?api-version=2020-12-01
  response:
    body:
      string: '{"id":"/subscriptions/00000000-0000-0000-0000-000000000000/providers/Microsoft.NetApp/locations/westus2/operationResults/eedda082-2d03-480c-9d21-abb15047ab33","name":"eedda082-2d03-480c-9d21-abb15047ab33","status":"Succeeded","startTime":"2021-03-02T15:33:16.0049778Z","endTime":"2021-03-02T15:33:16.2334026Z","percentComplete":100.0,"properties":{"resourceName":"/subscriptions/00000000-0000-0000-0000-000000000000/resourceGroups/cli_netappfiles_test_account_000001/providers/Microsoft.NetApp/netAppAccounts/cli000002"}}'
    headers:
      access-control-expose-headers:
      - Request-Context
      cache-control:
      - no-cache
      content-length:
      - '576'
      content-type:
      - application/json; charset=utf-8
      date:
      - Tue, 02 Mar 2021 15:33:45 GMT
      expires:
      - '-1'
      pragma:
      - no-cache
      request-context:
      - appId=cid-v1:2c4cb680-0a1f-424d-bb8d-8e650ba68d53
      server:
      - Microsoft-IIS/10.0
      strict-transport-security:
      - max-age=31536000; includeSubDomains
      transfer-encoding:
      - chunked
      vary:
      - Accept-Encoding
      x-content-type-options:
      - nosniff
      x-powered-by:
      - ASP.NET
    status:
      code: 200
      message: OK
- request:
    body: null
    headers:
      Accept:
      - application/json
      Accept-Encoding:
      - gzip, deflate
      CommandName:
      - netappfiles account list
      Connection:
      - keep-alive
      ParameterSetName:
      - --resource-group
      User-Agent:
      - AZURECLI/2.20.0 azsdk-python-mgmt-netapp/1.0.0 Python/3.8.7 (macOS-11.0.1-x86_64-i386-64bit)
    method: GET
    uri: https://management.azure.com/subscriptions/00000000-0000-0000-0000-000000000000/resourceGroups/cli_netappfiles_test_account_000001/providers/Microsoft.NetApp/netAppAccounts?api-version=2020-12-01
  response:
    body:
      string: '{"value":[]}'
    headers:
      cache-control:
      - no-cache
      content-length:
      - '12'
      content-type:
      - application/json; charset=utf-8
      date:
      - Tue, 02 Mar 2021 15:33:47 GMT
      expires:
      - '-1'
      pragma:
      - no-cache
      strict-transport-security:
      - max-age=31536000; includeSubDomains
      vary:
      - Accept-Encoding
      x-content-type-options:
      - nosniff
    status:
      code: 200
      message: OK
- request:
    body: '{"location": "westus2", "tags": {"Tag1": "Value1", "Tag2": "Value2"}, "properties":
      {"encryption": {}}}'
    headers:
      Accept:
      - application/json
      Accept-Encoding:
      - gzip, deflate
      CommandName:
      - netappfiles account create
      Connection:
      - keep-alive
      Content-Length:
      - '103'
      Content-Type:
      - application/json
      ParameterSetName:
      - -g -a -l --tags
      User-Agent:
      - AZURECLI/2.20.0 azsdk-python-mgmt-netapp/1.0.0 Python/3.8.7 (macOS-11.0.1-x86_64-i386-64bit)
    method: PUT
    uri: https://management.azure.com/subscriptions/00000000-0000-0000-0000-000000000000/resourceGroups/cli_netappfiles_test_account_000001/providers/Microsoft.NetApp/netAppAccounts/cli000002?api-version=2020-12-01
  response:
    body:
      string: '{"id":"/subscriptions/00000000-0000-0000-0000-000000000000/resourceGroups/cli_netappfiles_test_account_000001/providers/Microsoft.NetApp/netAppAccounts/cli000002","name":"cli000002","type":"Microsoft.NetApp/netAppAccounts","etag":"W/\"datetime''2021-03-02T15%3A33%3A54.0170384Z''\"","location":"westus2","tags":{"Tag1":"Value1","Tag2":"Value2"},"properties":{"encryption":{},"provisioningState":"Creating"}}'
    headers:
      access-control-expose-headers:
      - Request-Context
      azure-asyncoperation:
      - https://management.azure.com/subscriptions/00000000-0000-0000-0000-000000000000/providers/Microsoft.NetApp/locations/westus2/operationResults/f68df0c1-3235-4005-9209-e7c9a5eb4582?api-version=2020-12-01
      cache-control:
      - no-cache
      content-length:
      - '475'
      content-type:
      - application/json; charset=utf-8
      date:
      - Tue, 02 Mar 2021 15:33:55 GMT
      etag:
      - W/"datetime'2021-03-02T15%3A33%3A54.0170384Z'"
      expires:
      - '-1'
      pragma:
      - no-cache
      request-context:
      - appId=cid-v1:2c4cb680-0a1f-424d-bb8d-8e650ba68d53
      server:
      - Microsoft-IIS/10.0
      strict-transport-security:
      - max-age=31536000; includeSubDomains
      x-content-type-options:
      - nosniff
      x-ms-ratelimit-remaining-subscription-writes:
      - '1199'
      x-powered-by:
      - ASP.NET
    status:
      code: 201
      message: Created
- request:
    body: null
    headers:
      Accept:
      - '*/*'
      Accept-Encoding:
      - gzip, deflate
      CommandName:
      - netappfiles account create
      Connection:
      - keep-alive
      ParameterSetName:
      - -g -a -l --tags
      User-Agent:
      - AZURECLI/2.20.0 azsdk-python-mgmt-netapp/1.0.0 Python/3.8.7 (macOS-11.0.1-x86_64-i386-64bit)
    method: GET
    uri: https://management.azure.com/subscriptions/00000000-0000-0000-0000-000000000000/providers/Microsoft.NetApp/locations/westus2/operationResults/f68df0c1-3235-4005-9209-e7c9a5eb4582?api-version=2020-12-01
  response:
    body:
      string: '{"id":"/subscriptions/00000000-0000-0000-0000-000000000000/providers/Microsoft.NetApp/locations/westus2/operationResults/f68df0c1-3235-4005-9209-e7c9a5eb4582","name":"f68df0c1-3235-4005-9209-e7c9a5eb4582","status":"Succeeded","startTime":"2021-03-02T15:33:53.9524282Z","endTime":"2021-03-02T15:33:54.1056018Z","percentComplete":100.0,"properties":{"resourceName":"/subscriptions/00000000-0000-0000-0000-000000000000/resourceGroups/cli_netappfiles_test_account_000001/providers/Microsoft.NetApp/netAppAccounts/cli000002"}}'
    headers:
      access-control-expose-headers:
      - Request-Context
      cache-control:
      - no-cache
      content-length:
      - '576'
      content-type:
      - application/json; charset=utf-8
      date:
      - Tue, 02 Mar 2021 15:34:25 GMT
      expires:
      - '-1'
      pragma:
      - no-cache
      request-context:
      - appId=cid-v1:2c4cb680-0a1f-424d-bb8d-8e650ba68d53
      server:
      - Microsoft-IIS/10.0
      strict-transport-security:
      - max-age=31536000; includeSubDomains
      transfer-encoding:
      - chunked
      vary:
      - Accept-Encoding
      x-content-type-options:
      - nosniff
      x-powered-by:
      - ASP.NET
    status:
      code: 200
      message: OK
- request:
    body: null
    headers:
      Accept:
      - '*/*'
      Accept-Encoding:
      - gzip, deflate
      CommandName:
      - netappfiles account create
      Connection:
      - keep-alive
      ParameterSetName:
      - -g -a -l --tags
      User-Agent:
      - AZURECLI/2.20.0 azsdk-python-mgmt-netapp/1.0.0 Python/3.8.7 (macOS-11.0.1-x86_64-i386-64bit)
    method: GET
    uri: https://management.azure.com/subscriptions/00000000-0000-0000-0000-000000000000/resourceGroups/cli_netappfiles_test_account_000001/providers/Microsoft.NetApp/netAppAccounts/cli000002?api-version=2020-12-01
  response:
    body:
      string: '{"id":"/subscriptions/00000000-0000-0000-0000-000000000000/resourceGroups/cli_netappfiles_test_account_000001/providers/Microsoft.NetApp/netAppAccounts/cli000002","name":"cli000002","type":"Microsoft.NetApp/netAppAccounts","etag":"W/\"datetime''2021-03-02T15%3A33%3A54.0950934Z''\"","location":"westus2","tags":{"Tag1":"Value1","Tag2":"Value2"},"properties":{"provisioningState":"Succeeded","encryption":{}}}'
    headers:
      access-control-expose-headers:
      - Request-Context
      cache-control:
      - no-cache
      content-length:
      - '476'
      content-type:
      - application/json; charset=utf-8
      date:
      - Tue, 02 Mar 2021 15:34:25 GMT
      etag:
      - W/"datetime'2021-03-02T15%3A33%3A54.0950934Z'"
      expires:
      - '-1'
      pragma:
      - no-cache
      request-context:
      - appId=cid-v1:2c4cb680-0a1f-424d-bb8d-8e650ba68d53
      server:
      - Microsoft-IIS/10.0
      strict-transport-security:
      - max-age=31536000; includeSubDomains
      transfer-encoding:
      - chunked
      vary:
      - Accept-Encoding
      x-content-type-options:
      - nosniff
      x-powered-by:
      - ASP.NET
    status:
      code: 200
      message: OK
- request:
    body: null
    headers:
      Accept:
      - application/json
      Accept-Encoding:
      - gzip, deflate
      CommandName:
      - netappfiles account list
      Connection:
      - keep-alive
      ParameterSetName:
      - --resource-group
      User-Agent:
      - AZURECLI/2.20.0 azsdk-python-mgmt-netapp/1.0.0 Python/3.8.7 (macOS-11.0.1-x86_64-i386-64bit)
    method: GET
    uri: https://management.azure.com/subscriptions/00000000-0000-0000-0000-000000000000/resourceGroups/cli_netappfiles_test_account_000001/providers/Microsoft.NetApp/netAppAccounts?api-version=2020-12-01
  response:
    body:
      string: '{"value":[{"id":"/subscriptions/00000000-0000-0000-0000-000000000000/resourceGroups/cli_netappfiles_test_account_000001/providers/Microsoft.NetApp/netAppAccounts/cli000002","name":"cli000002","type":"Microsoft.NetApp/netAppAccounts","etag":"W/\"datetime''2021-03-02T15%3A33%3A54.0950934Z''\"","location":"westus2","tags":{"Tag1":"Value1","Tag2":"Value2"},"properties":{"provisioningState":"Succeeded","encryption":{}}}]}'
    headers:
      access-control-expose-headers:
      - Request-Context
      cache-control:
      - no-cache
      content-length:
      - '488'
      content-type:
      - application/json; charset=utf-8
      date:
      - Tue, 02 Mar 2021 15:34:28 GMT
      expires:
      - '-1'
      pragma:
      - no-cache
      request-context:
      - appId=cid-v1:2c4cb680-0a1f-424d-bb8d-8e650ba68d53
      server:
      - Microsoft-IIS/10.0
      strict-transport-security:
      - max-age=31536000; includeSubDomains
      transfer-encoding:
      - chunked
      vary:
      - Accept-Encoding
      x-content-type-options:
      - nosniff
      x-powered-by:
      - ASP.NET
    status:
      code: 200
      message: OK
- request:
    body: null
    headers:
      Accept:
      - '*/*'
      Accept-Encoding:
      - gzip, deflate
      CommandName:
      - netappfiles account delete
      Connection:
      - keep-alive
      Content-Length:
      - '0'
      ParameterSetName:
      - --resource-group -a
      User-Agent:
      - AZURECLI/2.20.0 azsdk-python-mgmt-netapp/1.0.0 Python/3.8.7 (macOS-11.0.1-x86_64-i386-64bit)
    method: DELETE
    uri: https://management.azure.com/subscriptions/00000000-0000-0000-0000-000000000000/resourceGroups/cli_netappfiles_test_account_000001/providers/Microsoft.NetApp/netAppAccounts/cli000002?api-version=2020-12-01
  response:
    body:
      string: ''
    headers:
      access-control-expose-headers:
      - Request-Context
      azure-asyncoperation:
      - https://management.azure.com/subscriptions/00000000-0000-0000-0000-000000000000/providers/Microsoft.NetApp/locations/westus2/operationResults/7c8cb705-aea4-413b-a302-a8ebbe1d3cf4?api-version=2020-12-01
      cache-control:
      - no-cache
      content-length:
      - '0'
      date:
      - Tue, 02 Mar 2021 15:34:30 GMT
      expires:
      - '-1'
      location:
      - https://management.azure.com/subscriptions/00000000-0000-0000-0000-000000000000/providers/Microsoft.NetApp/locations/westus2/operationResults/7c8cb705-aea4-413b-a302-a8ebbe1d3cf4?api-version=2020-12-01&operationResultResponseType=Location
      pragma:
      - no-cache
      request-context:
      - appId=cid-v1:2c4cb680-0a1f-424d-bb8d-8e650ba68d53
      server:
      - Microsoft-IIS/10.0
      strict-transport-security:
      - max-age=31536000; includeSubDomains
      x-content-type-options:
      - nosniff
      x-ms-ratelimit-remaining-subscription-deletes:
      - '14999'
      x-powered-by:
      - ASP.NET
    status:
      code: 202
      message: Accepted
- request:
    body: null
    headers:
      Accept:
      - '*/*'
      Accept-Encoding:
      - gzip, deflate
      CommandName:
      - netappfiles account delete
      Connection:
      - keep-alive
      ParameterSetName:
      - --resource-group -a
      User-Agent:
      - AZURECLI/2.20.0 azsdk-python-mgmt-netapp/1.0.0 Python/3.8.7 (macOS-11.0.1-x86_64-i386-64bit)
    method: GET
    uri: https://management.azure.com/subscriptions/00000000-0000-0000-0000-000000000000/providers/Microsoft.NetApp/locations/westus2/operationResults/7c8cb705-aea4-413b-a302-a8ebbe1d3cf4?api-version=2020-12-01
  response:
    body:
      string: '{"id":"/subscriptions/00000000-0000-0000-0000-000000000000/providers/Microsoft.NetApp/locations/westus2/operationResults/7c8cb705-aea4-413b-a302-a8ebbe1d3cf4","name":"7c8cb705-aea4-413b-a302-a8ebbe1d3cf4","status":"Succeeded","startTime":"2021-03-02T15:34:31.1414894Z","endTime":"2021-03-02T15:34:31.2975812Z","percentComplete":100.0,"properties":{"resourceName":"/subscriptions/00000000-0000-0000-0000-000000000000/resourceGroups/cli_netappfiles_test_account_000001/providers/Microsoft.NetApp/netAppAccounts/cli000002"}}'
    headers:
      access-control-expose-headers:
      - Request-Context
      cache-control:
      - no-cache
      content-length:
      - '576'
      content-type:
      - application/json; charset=utf-8
      date:
      - Tue, 02 Mar 2021 15:35:00 GMT
      expires:
      - '-1'
      pragma:
      - no-cache
      request-context:
      - appId=cid-v1:2c4cb680-0a1f-424d-bb8d-8e650ba68d53
      server:
      - Microsoft-IIS/10.0
      strict-transport-security:
      - max-age=31536000; includeSubDomains
      transfer-encoding:
      - chunked
      vary:
      - Accept-Encoding
      x-content-type-options:
      - nosniff
      x-powered-by:
      - ASP.NET
    status:
      code: 200
      message: OK
- request:
    body: null
    headers:
      Accept:
      - application/json
      Accept-Encoding:
      - gzip, deflate
      CommandName:
      - netappfiles account list
      Connection:
      - keep-alive
      ParameterSetName:
      - --resource-group
      User-Agent:
      - AZURECLI/2.20.0 azsdk-python-mgmt-netapp/1.0.0 Python/3.8.7 (macOS-11.0.1-x86_64-i386-64bit)
    method: GET
    uri: https://management.azure.com/subscriptions/00000000-0000-0000-0000-000000000000/resourceGroups/cli_netappfiles_test_account_000001/providers/Microsoft.NetApp/netAppAccounts?api-version=2020-12-01
  response:
    body:
      string: '{"value":[]}'
    headers:
      cache-control:
      - no-cache
      content-length:
      - '12'
      content-type:
      - application/json; charset=utf-8
      date:
      - Tue, 02 Mar 2021 15:35:03 GMT
      expires:
      - '-1'
      pragma:
      - no-cache
      strict-transport-security:
      - max-age=31536000; includeSubDomains
      vary:
      - Accept-Encoding
      x-content-type-options:
      - nosniff
    status:
      code: 200
      message: OK
version: 1
